---
http_interactions:
- request:
    method: put
    uri: http://backend:5352/source/openSUSE:Factory:Staging/_meta?user=_nobody_
    body:
      encoding: UTF-8
      string: |
        <project name="openSUSE:Factory:Staging">
          <title>Blood's a Rover</title>
          <description/>
        </project>
    headers:
      Accept-Encoding:
      - gzip;q=1.0,deflate;q=0.6,identity;q=0.3
      Accept:
      - "*/*"
      User-Agent:
      - Ruby
  response:
    status:
      code: 200
      message: OK
    headers:
      Content-Type:
      - text/xml
      Cache-Control:
      - no-cache
      Connection:
      - close
      Content-Length:
      - '116'
    body:
      encoding: UTF-8
      string: |
        <project name="openSUSE:Factory:Staging">
          <title>Blood's a Rover</title>
          <description></description>
        </project>
    http_version: 
  recorded_at: Mon, 21 Jan 2019 14:45:30 GMT
- request:
    method: put
    uri: http://backend:5352/source/openSUSE:Factory/_meta?user=_nobody_
    body:
      encoding: UTF-8
      string: |
        <project name="openSUSE:Factory">
          <title>Pale Kings and Princes</title>
          <description/>
        </project>
    headers:
      Accept-Encoding:
      - gzip;q=1.0,deflate;q=0.6,identity;q=0.3
      Accept:
      - "*/*"
      User-Agent:
      - Ruby
  response:
    status:
      code: 200
      message: OK
    headers:
      Content-Type:
      - text/xml
      Cache-Control:
      - no-cache
      Connection:
      - close
      Content-Length:
      - '115'
    body:
      encoding: UTF-8
      string: |
        <project name="openSUSE:Factory">
          <title>Pale Kings and Princes</title>
          <description></description>
        </project>
    http_version: 
  recorded_at: Mon, 21 Jan 2019 14:45:30 GMT
- request:
    method: put
    uri: http://backend:5352/source/openSUSE:Factory/target_package/_meta?user=_nobody_
    body:
      encoding: UTF-8
      string: |
        <package name="target_package" project="openSUSE:Factory">
          <title>Pale Kings and Princes</title>
          <description>Eius repellendus cumque impedit.</description>
        </package>
    headers:
      Accept-Encoding:
      - gzip;q=1.0,deflate;q=0.6,identity;q=0.3
      Accept:
      - "*/*"
      User-Agent:
      - Ruby
  response:
    status:
      code: 200
      message: OK
    headers:
      Content-Type:
      - text/xml
      Cache-Control:
      - no-cache
      Connection:
      - close
      Content-Length:
      - '172'
    body:
      encoding: UTF-8
      string: |
        <package name="target_package" project="openSUSE:Factory">
          <title>Pale Kings and Princes</title>
          <description>Eius repellendus cumque impedit.</description>
        </package>
    http_version: 
  recorded_at: Mon, 21 Jan 2019 14:45:30 GMT
- request:
    method: put
    uri: http://backend:5352/source/openSUSE:Factory/target_package/_meta?user=_nobody_
    body:
      encoding: UTF-8
      string: |
        <package name="target_package" project="openSUSE:Factory">
          <title>Pale Kings and Princes</title>
          <description>Eius repellendus cumque impedit.</description>
        </package>
    headers:
      Accept-Encoding:
      - gzip;q=1.0,deflate;q=0.6,identity;q=0.3
      Accept:
      - "*/*"
      User-Agent:
      - Ruby
  response:
    status:
      code: 200
      message: OK
    headers:
      Content-Type:
      - text/xml
      Cache-Control:
      - no-cache
      Connection:
      - close
      Content-Length:
      - '172'
    body:
      encoding: UTF-8
      string: |
        <package name="target_package" project="openSUSE:Factory">
          <title>Pale Kings and Princes</title>
          <description>Eius repellendus cumque impedit.</description>
        </package>
    http_version: 
  recorded_at: Mon, 21 Jan 2019 14:45:30 GMT
- request:
    method: put
    uri: http://backend:5352/source/project_13/_meta?user=_nobody_
    body:
      encoding: UTF-8
      string: |
        <project name="project_13">
          <title>Vile Bodies</title>
          <description/>
        </project>
    headers:
      Accept-Encoding:
      - gzip;q=1.0,deflate;q=0.6,identity;q=0.3
      Accept:
      - "*/*"
      User-Agent:
      - Ruby
  response:
    status:
      code: 200
      message: OK
    headers:
      Content-Type:
      - text/xml
      Cache-Control:
      - no-cache
      Connection:
      - close
      Content-Length:
      - '98'
    body:
      encoding: UTF-8
      string: |
        <project name="project_13">
          <title>Vile Bodies</title>
          <description></description>
        </project>
    http_version: 
  recorded_at: Mon, 21 Jan 2019 14:45:30 GMT
- request:
    method: put
    uri: http://backend:5352/source/project_13/package_13/_meta?user=_nobody_
    body:
      encoding: UTF-8
      string: |
        <package name="package_13" project="project_13">
          <title>Of Human Bondage</title>
          <description>Qui aspernatur quos saepe.</description>
        </package>
    headers:
      Accept-Encoding:
      - gzip;q=1.0,deflate;q=0.6,identity;q=0.3
      Accept:
      - "*/*"
      User-Agent:
      - Ruby
  response:
    status:
      code: 200
      message: OK
    headers:
      Content-Type:
      - text/xml
      Cache-Control:
      - no-cache
      Connection:
      - close
      Content-Length:
      - '150'
    body:
      encoding: UTF-8
      string: |
        <package name="package_13" project="project_13">
          <title>Of Human Bondage</title>
          <description>Qui aspernatur quos saepe.</description>
        </package>
    http_version: 
  recorded_at: Mon, 21 Jan 2019 14:45:30 GMT
- request:
    method: put
    uri: http://backend:5352/source/project_13/package_13/_meta?user=_nobody_
    body:
      encoding: UTF-8
      string: |
        <package name="package_13" project="project_13">
          <title>Of Human Bondage</title>
          <description>Qui aspernatur quos saepe.</description>
        </package>
    headers:
      Accept-Encoding:
      - gzip;q=1.0,deflate;q=0.6,identity;q=0.3
      Accept:
      - "*/*"
      User-Agent:
      - Ruby
  response:
    status:
      code: 200
      message: OK
    headers:
      Content-Type:
      - text/xml
      Cache-Control:
      - no-cache
      Connection:
      - close
      Content-Length:
      - '150'
    body:
      encoding: UTF-8
      string: |
        <package name="package_13" project="project_13">
          <title>Of Human Bondage</title>
          <description>Qui aspernatur quos saepe.</description>
        </package>
    http_version: 
  recorded_at: Mon, 21 Jan 2019 14:45:30 GMT
- request:
    method: put
    uri: http://backend:5352/source/project_13/_project/_attribute?meta=1&user=
    body:
      encoding: UTF-8
      string: |
        <attributes>
          <attribute name="ApprovedRequestSource" namespace="OBS"/>
        </attributes>
    headers:
      Accept-Encoding:
      - gzip;q=1.0,deflate;q=0.6,identity;q=0.3
      Accept:
      - "*/*"
      User-Agent:
      - Ruby
  response:
    status:
      code: 200
      message: OK
    headers:
      Content-Type:
      - text/xml
      Cache-Control:
      - no-cache
      Connection:
      - close
      Content-Length:
      - '163'
    body:
      encoding: UTF-8
      string: |
        <revision rev="35">
          <srcmd5>708dcccaf63405f2ee446900f8d13f29</srcmd5>
          <time>1548081930</time>
          <user></user>
          <comment></comment>
          <requestid/>
        </revision>
    http_version: 
  recorded_at: Mon, 21 Jan 2019 14:45:30 GMT
- request:
    method: put
    uri: http://backend:5352/source/home:user_28/_meta?user=user_28
    body:
      encoding: UTF-8
      string: |
        <project name="home:user_28">
          <title/>
          <description/>
          <person userid="user_28" role="maintainer"/>
        </project>
    headers:
      Accept-Encoding:
      - gzip;q=1.0,deflate;q=0.6,identity;q=0.3
      Accept:
      - "*/*"
      User-Agent:
      - Ruby
  response:
    status:
      code: 200
      message: OK
    headers:
      Content-Type:
      - text/xml
      Cache-Control:
      - no-cache
      Connection:
      - close
      Content-Length:
      - '137'
    body:
      encoding: UTF-8
      string: |
        <project name="home:user_28">
          <title></title>
          <description></description>
          <person userid="user_28" role="maintainer" />
        </project>
    http_version: 
  recorded_at: Mon, 21 Jan 2019 14:45:30 GMT
- request:
    method: put
    uri: http://backend:5352/source/openSUSE:Factory:Staging:A/_meta?user=user_28
    body:
      encoding: UTF-8
      string: |
        <project name="openSUSE:Factory:Staging:A">
          <title>Death Be Not Proud</title>
          <description>      requests:
                - { id: 1 }
        </description>
        </project>
    headers:
      Accept-Encoding:
      - gzip;q=1.0,deflate;q=0.6,identity;q=0.3
      Accept:
      - "*/*"
      User-Agent:
      - Ruby
  response:
    status:
      code: 200
      message: OK
    headers:
      Content-Type:
      - text/xml
      Cache-Control:
      - no-cache
      Connection:
      - close
      Content-Length:
      - '157'
    body:
      encoding: UTF-8
      string: |
        <project name="openSUSE:Factory:Staging:A">
          <title>Death Be Not Proud</title>
          <description>      requests:
                - { id: 1 }
        </description>
        </project>
    http_version: 
  recorded_at: Mon, 21 Jan 2019 14:45:30 GMT
- request:
    method: put
    uri: http://backend:5352/source/openSUSE:Factory:Staging:B/_meta?user=user_28
    body:
      encoding: UTF-8
      string: |
        <project name="openSUSE:Factory:Staging:B">
          <title>Tiger! Tiger!</title>
          <description>Factory staging project B</description>
        </project>
    headers:
      Accept-Encoding:
      - gzip;q=1.0,deflate;q=0.6,identity;q=0.3
      Accept:
      - "*/*"
      User-Agent:
      - Ruby
  response:
    status:
      code: 200
      message: OK
    headers:
      Content-Type:
      - text/xml
      Cache-Control:
      - no-cache
      Connection:
      - close
      Content-Length:
      - '141'
    body:
      encoding: UTF-8
      string: |
        <project name="openSUSE:Factory:Staging:B">
          <title>Tiger! Tiger!</title>
          <description>Factory staging project B</description>
        </project>
    http_version: 
  recorded_at: Mon, 21 Jan 2019 14:45:30 GMT
- request:
    method: get
    uri: http://backend:5352/build/openSUSE:Factory:Staging:A/_result?code=unresolvable
    body:
      encoding: US-ASCII
      string: ''
    headers:
      Accept-Encoding:
      - gzip;q=1.0,deflate;q=0.6,identity;q=0.3
      Accept:
      - "*/*"
      User-Agent:
      - Ruby
  response:
    status:
      code: 200
      message: OK
    headers:
      Content-Type:
      - text/xml
      Cache-Control:
      - no-cache
      Connection:
      - close
      Content-Length:
      - '56'
    body:
      encoding: UTF-8
      string: '<resultlist state="00000000000000000000000000000000" />

'
    http_version: 
  recorded_at: Mon, 21 Jan 2019 14:45:30 GMT
recorded_with: VCR 4.0.0
