---
http_interactions:
- request:
    method: put
    uri: http://backend:5352/source/home:permitted_user/_meta?user=permitted_user
    body:
      encoding: UTF-8
      string: |
        <project name="home:permitted_user">
          <title/>
          <description/>
          <person userid="permitted_user" role="maintainer"/>
        </project>
    headers:
      Accept-Encoding:
      - gzip;q=1.0,deflate;q=0.6,identity;q=0.3
      Accept:
      - "*/*"
      User-Agent:
      - Ruby
  response:
    status:
      code: 200
      message: OK
    headers:
      Content-Type:
      - text/xml
      Cache-Control:
      - no-cache
      Connection:
      - close
      Content-Length:
      - '150'
    body:
      encoding: UTF-8
      string: |
        <project name="home:permitted_user">
          <title></title>
          <description></description>
          <person userid="permitted_user" role="maintainer"/>
        </project>
    http_version: null
  recorded_at: Wed, 29 Apr 2020 18:34:02 GMT
- request:
    method: put
    uri: http://backend:5352/source/home:permitted_user/_project/_staging_workflow?user=permitted_user
    body:
      encoding: UTF-8
      string: |
        <workflow project="home:permitted_user" managers="group_1">
          <staging_project name="home:permitted_user:Staging:A"/>
        </workflow>
    headers:
      Accept-Encoding:
      - gzip;q=1.0,deflate;q=0.6,identity;q=0.3
      Accept:
      - "*/*"
      User-Agent:
      - Ruby
  response:
    status:
      code: 200
      message: OK
    headers:
      Content-Type:
      - text/xml
      Cache-Control:
      - no-cache
      Connection:
      - close
      Content-Length:
      - '178'
    body:
      encoding: UTF-8
      string: |
        <revision rev="103">
          <srcmd5>437960873390f6d51b29cac67e3b5453</srcmd5>
          <time>1588185242</time>
          <user>permitted_user</user>
          <comment></comment>
          <requestid/>
        </revision>
    http_version: null
  recorded_at: Wed, 29 Apr 2020 18:34:02 GMT
- request:
    method: put
    uri: http://backend:5352/source/home:permitted_user:Staging:A/_meta?user=permitted_user
    body:
      encoding: UTF-8
      string: |
        <project name="home:permitted_user:Staging:A">
          <title/>
          <description/>
          <group groupid="group_1" role="maintainer"/>
        </project>
    headers:
      Accept-Encoding:
      - gzip;q=1.0,deflate;q=0.6,identity;q=0.3
      Accept:
      - "*/*"
      User-Agent:
      - Ruby
  response:
    status:
      code: 200
      message: OK
    headers:
      Content-Type:
      - text/xml
      Cache-Control:
      - no-cache
      Connection:
      - close
      Content-Length:
      - '153'
    body:
      encoding: UTF-8
      string: |
        <project name="home:permitted_user:Staging:A">
          <title></title>
          <description></description>
          <group groupid="group_1" role="maintainer"/>
        </project>
    http_version: null
  recorded_at: Wed, 29 Apr 2020 18:34:02 GMT
- request:
    method: put
    uri: http://backend:5352/source/home:permitted_user/_project/_staging_workflow?user=permitted_user
    body:
      encoding: UTF-8
      string: |
        <workflow project="home:permitted_user" managers="group_1">
          <staging_project name="home:permitted_user:Staging:A"/>
          <staging_project name="home:permitted_user:Staging:B"/>
        </workflow>
    headers:
      Accept-Encoding:
      - gzip;q=1.0,deflate;q=0.6,identity;q=0.3
      Accept:
      - "*/*"
      User-Agent:
      - Ruby
  response:
    status:
      code: 200
      message: OK
    headers:
      Content-Type:
      - text/xml
      Cache-Control:
      - no-cache
      Connection:
      - close
      Content-Length:
      - '178'
    body:
      encoding: UTF-8
      string: |
        <revision rev="104">
          <srcmd5>1cb65454e99e97791176705d1691a126</srcmd5>
          <time>1588185242</time>
          <user>permitted_user</user>
          <comment></comment>
          <requestid/>
        </revision>
    http_version: null
  recorded_at: Wed, 29 Apr 2020 18:34:02 GMT
- request:
    method: put
    uri: http://backend:5352/source/home:permitted_user:Staging:B/_meta?user=permitted_user
    body:
      encoding: UTF-8
      string: |
        <project name="home:permitted_user:Staging:B">
          <title/>
          <description/>
          <group groupid="group_1" role="maintainer"/>
        </project>
    headers:
      Accept-Encoding:
      - gzip;q=1.0,deflate;q=0.6,identity;q=0.3
      Accept:
      - "*/*"
      User-Agent:
      - Ruby
  response:
    status:
      code: 200
      message: OK
    headers:
      Content-Type:
      - text/xml
      Cache-Control:
      - no-cache
      Connection:
      - close
      Content-Length:
      - '153'
    body:
      encoding: UTF-8
      string: |
        <project name="home:permitted_user:Staging:B">
          <title></title>
          <description></description>
          <group groupid="group_1" role="maintainer"/>
        </project>
    http_version: null
  recorded_at: Wed, 29 Apr 2020 18:34:02 GMT
- request:
    method: put
    uri: http://backend:5352/source/home:permitted_user/_meta?user=permitted_user
    body:
      encoding: UTF-8
      string: |
        <project name="home:permitted_user">
          <title/>
          <description/>
          <person userid="permitted_user" role="maintainer"/>
          <group groupid="group_1" role="reviewer"/>
        </project>
    headers:
      Accept-Encoding:
      - gzip;q=1.0,deflate;q=0.6,identity;q=0.3
      Accept:
      - "*/*"
      User-Agent:
      - Ruby
  response:
    status:
      code: 200
      message: OK
    headers:
      Content-Type:
      - text/xml
      Cache-Control:
      - no-cache
      Connection:
      - close
      Content-Length:
      - '195'
    body:
      encoding: UTF-8
      string: |
        <project name="home:permitted_user">
          <title></title>
          <description></description>
          <person userid="permitted_user" role="maintainer"/>
          <group groupid="group_1" role="reviewer"/>
        </project>
    http_version: null
  recorded_at: Wed, 29 Apr 2020 18:34:02 GMT
- request:
    method: put
    uri: http://backend:5352/source/target_project/_meta?user=permitted_user
    body:
      encoding: UTF-8
      string: |
        <project name="target_project">
          <title>His Dark Materials</title>
          <description/>
        </project>
    headers:
      Accept-Encoding:
      - gzip;q=1.0,deflate;q=0.6,identity;q=0.3
      Accept:
      - "*/*"
      User-Agent:
      - Ruby
  response:
    status:
      code: 200
      message: OK
    headers:
      Content-Type:
      - text/xml
      Cache-Control:
      - no-cache
      Connection:
      - close
      Content-Length:
      - '109'
    body:
      encoding: UTF-8
      string: |
        <project name="target_project">
          <title>His Dark Materials</title>
          <description></description>
        </project>
    http_version: null
  recorded_at: Wed, 29 Apr 2020 18:34:03 GMT
- request:
    method: put
    uri: http://backend:5352/source/target_project/target_package/_meta?user=permitted_user
    body:
      encoding: UTF-8
      string: |
        <package name="target_package" project="target_project">
          <title>Clouds of Witness</title>
          <description>Error commodi aut sit.</description>
        </package>
    headers:
      Accept-Encoding:
      - gzip;q=1.0,deflate;q=0.6,identity;q=0.3
      Accept:
      - "*/*"
      User-Agent:
      - Ruby
  response:
    status:
      code: 200
      message: OK
    headers:
      Content-Type:
      - text/xml
      Cache-Control:
      - no-cache
      Connection:
      - close
      Content-Length:
      - '155'
    body:
      encoding: UTF-8
      string: |
        <package name="target_package" project="target_project">
          <title>Clouds of Witness</title>
          <description>Error commodi aut sit.</description>
        </package>
    http_version: null
  recorded_at: Wed, 29 Apr 2020 18:34:03 GMT
- request:
    method: put
    uri: http://backend:5352/source/source_project/_meta?user=permitted_user
    body:
      encoding: UTF-8
      string: |
        <project name="source_project">
          <title>No Country for Old Men</title>
          <description/>
        </project>
    headers:
      Accept-Encoding:
      - gzip;q=1.0,deflate;q=0.6,identity;q=0.3
      Accept:
      - "*/*"
      User-Agent:
      - Ruby
  response:
    status:
      code: 200
      message: OK
    headers:
      Content-Type:
      - text/xml
      Cache-Control:
      - no-cache
      Connection:
      - close
      Content-Length:
      - '113'
    body:
      encoding: UTF-8
      string: |
        <project name="source_project">
          <title>No Country for Old Men</title>
          <description></description>
        </project>
    http_version: null
  recorded_at: Wed, 29 Apr 2020 18:34:03 GMT
- request:
    method: put
    uri: http://backend:5352/source/source_project/_project/_attribute?meta=1&user=permitted_user
    body:
      encoding: UTF-8
      string: |
        <attributes>
          <attribute name="ApprovedRequestSource" namespace="OBS"/>
        </attributes>
    headers:
      Accept-Encoding:
      - gzip;q=1.0,deflate;q=0.6,identity;q=0.3
      Accept:
      - "*/*"
      User-Agent:
      - Ruby
  response:
    status:
      code: 200
      message: OK
    headers:
      Content-Type:
      - text/xml
      Cache-Control:
      - no-cache
      Connection:
      - close
      Content-Length:
      - '177'
    body:
      encoding: UTF-8
      string: |
        <revision rev="53">
          <srcmd5>40f80ff216e8ec1507921cfb67af7aa9</srcmd5>
          <time>1588185243</time>
          <user>permitted_user</user>
          <comment></comment>
          <requestid/>
        </revision>
    http_version: null
  recorded_at: Wed, 29 Apr 2020 18:34:03 GMT
- request:
    method: put
    uri: http://backend:5352/source/source_project/source_package/_meta?user=permitted_user
    body:
      encoding: UTF-8
      string: |
        <package name="source_package" project="source_project">
          <title>Cover Her Face</title>
          <description>Amet excepturi temporibus sit.</description>
        </package>
    headers:
      Accept-Encoding:
      - gzip;q=1.0,deflate;q=0.6,identity;q=0.3
      Accept:
      - "*/*"
      User-Agent:
      - Ruby
  response:
    status:
      code: 200
      message: OK
    headers:
      Content-Type:
      - text/xml
      Cache-Control:
      - no-cache
      Connection:
      - close
      Content-Length:
      - '160'
    body:
      encoding: UTF-8
      string: |
        <package name="source_package" project="source_project">
          <title>Cover Her Face</title>
          <description>Amet excepturi temporibus sit.</description>
        </package>
    http_version: null
  recorded_at: Wed, 29 Apr 2020 18:34:03 GMT
- request:
    method: post
    uri: http://backend:5352/search/package/id?match=(linkinfo/@package=%22source_package%22%20and%20linkinfo/@project=%22source_project%22%20and%20@project=%22source_project%22)
    body:
      encoding: UTF-8
      string: ''
    headers:
      Content-Type:
      - application/octet-stream
      Accept-Encoding:
      - gzip;q=1.0,deflate;q=0.6,identity;q=0.3
      Accept:
      - "*/*"
      User-Agent:
      - Ruby
  response:
    status:
      code: 200
      message: OK
    headers:
      Content-Type:
      - text/xml
      Cache-Control:
      - no-cache
      Connection:
      - close
      Content-Length:
      - '27'
    body:
      encoding: UTF-8
      string: |
        <collection>
        </collection>
    http_version: null
  recorded_at: Wed, 29 Apr 2020 18:34:03 GMT
- request:
    method: put
    uri: http://backend:5352/source/home:permitted_user:Staging:A/target_package/_meta?user=staging-hero
    body:
      encoding: UTF-8
      string: |
        <package name="target_package" project="home:permitted_user:Staging:A">
          <title>Cover Her Face</title>
          <description>Amet excepturi temporibus sit.</description>
        </package>
    headers:
      Accept-Encoding:
      - gzip;q=1.0,deflate;q=0.6,identity;q=0.3
      Accept:
      - "*/*"
      User-Agent:
      - Ruby
  response:
    status:
      code: 200
      message: OK
    headers:
      Content-Type:
      - text/xml
      Cache-Control:
      - no-cache
      Connection:
      - close
      Content-Length:
      - '175'
    body:
      encoding: UTF-8
      string: |
        <package name="target_package" project="home:permitted_user:Staging:A">
          <title>Cover Her Face</title>
          <description>Amet excepturi temporibus sit.</description>
        </package>
    http_version: null
  recorded_at: Wed, 29 Apr 2020 18:34:03 GMT
- request:
    method: post
    uri: http://backend:5352/source/home:permitted_user:Staging:A/target_package?cmd=branch&noservice=1&opackage=source_package&oproject=source_project&user=staging-hero
    body:
      encoding: UTF-8
      string: ''
    headers:
      Content-Type:
      - application/octet-stream
      Accept-Encoding:
      - gzip;q=1.0,deflate;q=0.6,identity;q=0.3
      Accept:
      - "*/*"
      User-Agent:
      - Ruby
  response:
    status:
      code: 200
      message: OK
    headers:
      Content-Type:
      - text/xml
      Cache-Control:
      - no-cache
      Connection:
      - close
      Content-Length:
      - '214'
    body:
      encoding: UTF-8
      string: |
        <revision rev="12" vrev="12">
          <srcmd5>8e451641a827df5f4f409d1d543fdb7b</srcmd5>
          <version>unknown</version>
          <time>1588185243</time>
          <user>staging-hero</user>
          <comment></comment>
          <requestid/>
        </revision>
    http_version: null
  recorded_at: Wed, 29 Apr 2020 18:34:03 GMT
- request:
    method: put
    uri: http://backend:5352/source/home:permitted_user:Staging:A/target_package/_meta?user=staging-hero
    body:
      encoding: UTF-8
      string: |
        <package name="target_package" project="home:permitted_user:Staging:A">
          <title>Cover Her Face</title>
          <description>Amet excepturi temporibus sit.</description>
        </package>
    headers:
      Accept-Encoding:
      - gzip;q=1.0,deflate;q=0.6,identity;q=0.3
      Accept:
      - "*/*"
      User-Agent:
      - Ruby
  response:
    status:
      code: 200
      message: OK
    headers:
      Content-Type:
      - text/xml
      Cache-Control:
      - no-cache
      Connection:
      - close
      Content-Length:
      - '175'
    body:
      encoding: UTF-8
      string: |
        <package name="target_package" project="home:permitted_user:Staging:A">
          <title>Cover Her Face</title>
          <description>Amet excepturi temporibus sit.</description>
        </package>
    http_version: null
  recorded_at: Wed, 29 Apr 2020 18:34:03 GMT
- request:
    method: get
    uri: http://backend:5352/source/home:permitted_user:Staging:A/target_package
    body:
      encoding: US-ASCII
      string: ''
    headers:
      Accept-Encoding:
      - gzip;q=1.0,deflate;q=0.6,identity;q=0.3
      Accept:
      - "*/*"
      User-Agent:
      - Ruby
  response:
    status:
      code: 200
      message: OK
    headers:
      Content-Type:
      - text/xml
      Cache-Control:
      - no-cache
      Connection:
      - close
      Content-Length:
      - '436'
    body:
      encoding: UTF-8
      string: |
        <directory name="target_package" rev="12" vrev="12" srcmd5="8e451641a827df5f4f409d1d543fdb7b">
          <linkinfo project="source_project" package="source_package" srcmd5="d41d8cd98f00b204e9800998ecf8427e" baserev="d41d8cd98f00b204e9800998ecf8427e" xsrcmd5="7eae9f6b12a2579550692e1b40dfc7d6" lsrcmd5="8e451641a827df5f4f409d1d543fdb7b"/>
          <entry name="_link" md5="703fd7abfeaa0a7804702191c078ab66" size="147" mtime="1588184792"/>
        </directory>
    http_version: null
  recorded_at: Wed, 29 Apr 2020 18:34:03 GMT
- request:
    method: get
    uri: http://backend:5352/source/home:permitted_user:Staging:A/target_package?view=info
    body:
      encoding: US-ASCII
      string: ''
    headers:
      Accept-Encoding:
      - gzip;q=1.0,deflate;q=0.6,identity;q=0.3
      Accept:
      - "*/*"
      User-Agent:
      - Ruby
  response:
    status:
      code: 200
      message: OK
    headers:
      Content-Type:
      - text/xml
      Cache-Control:
      - no-cache
      Connection:
      - close
      Content-Length:
      - '339'
    body:
      encoding: UTF-8
      string: |
        <sourceinfo package="target_package" rev="12" vrev="12" srcmd5="7eae9f6b12a2579550692e1b40dfc7d6" lsrcmd5="8e451641a827df5f4f409d1d543fdb7b" verifymd5="d41d8cd98f00b204e9800998ecf8427e">
          <error>bad build configuration, no build type defined or detected</error>
          <linked project="source_project" package="source_package"/>
        </sourceinfo>
    http_version: null
  recorded_at: Wed, 29 Apr 2020 18:34:03 GMT
- request:
    method: get
    uri: http://backend:5352/source/home:permitted_user:Staging:A/target_package
    body:
      encoding: US-ASCII
      string: ''
    headers:
      Accept-Encoding:
      - gzip;q=1.0,deflate;q=0.6,identity;q=0.3
      Accept:
      - "*/*"
      User-Agent:
      - Ruby
  response:
    status:
      code: 200
      message: OK
    headers:
      Content-Type:
      - text/xml
      Cache-Control:
      - no-cache
      Connection:
      - close
      Content-Length:
      - '436'
    body:
      encoding: UTF-8
      string: |
        <directory name="target_package" rev="12" vrev="12" srcmd5="8e451641a827df5f4f409d1d543fdb7b">
          <linkinfo project="source_project" package="source_package" srcmd5="d41d8cd98f00b204e9800998ecf8427e" baserev="d41d8cd98f00b204e9800998ecf8427e" xsrcmd5="7eae9f6b12a2579550692e1b40dfc7d6" lsrcmd5="8e451641a827df5f4f409d1d543fdb7b"/>
          <entry name="_link" md5="703fd7abfeaa0a7804702191c078ab66" size="147" mtime="1588184792"/>
        </directory>
    http_version: null
  recorded_at: Wed, 29 Apr 2020 18:34:03 GMT
- request:
    method: post
    uri: http://backend:5352/source/home:permitted_user:Staging:A/target_package?cmd=diff&linkrev=base&onlyissues=1&orev=0&view=xml
    body:
      encoding: UTF-8
      string: ''
    headers:
      Content-Type:
      - application/octet-stream
      Accept-Encoding:
      - gzip;q=1.0,deflate;q=0.6,identity;q=0.3
      Accept:
      - "*/*"
      User-Agent:
      - Ruby
  response:
    status:
      code: 200
      message: OK
    headers:
      Content-Type:
      - text/xml
      Cache-Control:
      - no-cache
      Connection:
      - close
      Content-Length:
      - '349'
    body:
      encoding: UTF-8
      string: |
        <sourcediff key="c7ee8b1549098da60797ca260e99400b">
          <old project="home:permitted_user:Staging:A" package="target_package" rev="0" srcmd5="d41d8cd98f00b204e9800998ecf8427e"/>
          <new project="home:permitted_user:Staging:A" package="target_package" rev="12" srcmd5="8e451641a827df5f4f409d1d543fdb7b"/>
          <files/>
          <issues>
          </issues>
        </sourcediff>
    http_version: null
  recorded_at: Wed, 29 Apr 2020 18:34:03 GMT
- request:
    method: post
    uri: http://backend:5352/source/home:permitted_user:Staging:A/target_package?cmd=linkdiff&linkrev=base&onlyissues=1&view=xml
    body:
      encoding: UTF-8
      string: ''
    headers:
      Content-Type:
      - application/octet-stream
      Accept-Encoding:
      - gzip;q=1.0,deflate;q=0.6,identity;q=0.3
      Accept:
      - "*/*"
      User-Agent:
      - Ruby
  response:
    status:
      code: 200
      message: OK
    headers:
      Content-Type:
      - text/xml
      Content-Length:
      - '395'
      Cache-Control:
      - no-cache
      Connection:
      - close
    body:
      encoding: UTF-8
      string: |
        <sourcediff key="852124a25d67d16792e7f9ce3ef195fb">
          <old project="source_project" package="source_package" rev="d41d8cd98f00b204e9800998ecf8427e" srcmd5="d41d8cd98f00b204e9800998ecf8427e"/>
          <new project="home:permitted_user:Staging:A" package="target_package" rev="7eae9f6b12a2579550692e1b40dfc7d6" srcmd5="7eae9f6b12a2579550692e1b40dfc7d6"/>
          <files/>
          <issues>
          </issues>
        </sourcediff>
    http_version: null
  recorded_at: Wed, 29 Apr 2020 18:34:03 GMT
- request:
    method: put
    uri: http://backend:5352/source/home:permitted_user/_project/_staging_workflow?user=staging-hero
    body:
      encoding: UTF-8
      string: |
        <workflow project="home:permitted_user" managers="group_1">
          <staging_project name="home:permitted_user:Staging:A"/>
          <staging_project name="home:permitted_user:Staging:B"/>
        </workflow>
    headers:
      Accept-Encoding:
      - gzip;q=1.0,deflate;q=0.6,identity;q=0.3
      Accept:
      - "*/*"
      User-Agent:
      - Ruby
  response:
    status:
      code: 200
      message: OK
    headers:
      Content-Type:
      - text/xml
      Cache-Control:
      - no-cache
      Connection:
      - close
      Content-Length:
      - '176'
    body:
      encoding: UTF-8
      string: |
        <revision rev="105">
          <srcmd5>1cb65454e99e97791176705d1691a126</srcmd5>
          <time>1588185243</time>
          <user>staging-hero</user>
          <comment></comment>
          <requestid/>
        </revision>
    http_version: null
  recorded_at: Wed, 29 Apr 2020 18:34:03 GMT
- request:
    method: put
    uri: http://backend:5352/source/home:permitted_user:Staging:A/_meta?user=staging-hero
    body:
      encoding: UTF-8
      string: |
        <project name="home:permitted_user:Staging:A">
          <title/>
          <description/>
          <person userid="staging-hero" role="maintainer"/>
          <group groupid="group_1" role="maintainer"/>
        </project>
    headers:
      Accept-Encoding:
      - gzip;q=1.0,deflate;q=0.6,identity;q=0.3
      Accept:
      - "*/*"
      User-Agent:
      - Ruby
  response:
    status:
      code: 200
      message: OK
    headers:
      Content-Type:
      - text/xml
      Cache-Control:
      - no-cache
      Connection:
      - close
      Content-Length:
      - '205'
    body:
      encoding: UTF-8
      string: |
        <project name="home:permitted_user:Staging:A">
          <title></title>
          <description></description>
          <person userid="staging-hero" role="maintainer"/>
          <group groupid="group_1" role="maintainer"/>
        </project>
    http_version: null
  recorded_at: Wed, 29 Apr 2020 18:34:03 GMT
- request:
    method: get
    uri: http://backend:5352/source/source_project/source_package?expand=1
    body:
      encoding: US-ASCII
      string: ''
    headers:
      Accept-Encoding:
      - gzip;q=1.0,deflate;q=0.6,identity;q=0.3
      Accept:
      - "*/*"
      User-Agent:
      - Ruby
  response:
    status:
      code: 200
      message: OK
    headers:
      Content-Type:
      - text/xml
      Cache-Control:
      - no-cache
      Connection:
      - close
      Content-Length:
      - '89'
    body:
      encoding: UTF-8
      string: |
        <directory name="source_package" srcmd5="d41d8cd98f00b204e9800998ecf8427e">
        </directory>
    http_version: null
  recorded_at: Wed, 29 Apr 2020 18:34:04 GMT
- request:
    method: get
    uri: http://backend:5352/source/source_project/source_package?expand=1
    body:
      encoding: US-ASCII
      string: ''
    headers:
      Accept-Encoding:
      - gzip;q=1.0,deflate;q=0.6,identity;q=0.3
      Accept:
      - "*/*"
      User-Agent:
      - Ruby
  response:
    status:
      code: 200
      message: OK
    headers:
      Content-Type:
      - text/xml
      Cache-Control:
      - no-cache
      Connection:
      - close
      Content-Length:
      - '89'
    body:
      encoding: UTF-8
      string: |
        <directory name="source_package" srcmd5="d41d8cd98f00b204e9800998ecf8427e">
        </directory>
    http_version: null
  recorded_at: Wed, 29 Apr 2020 18:34:04 GMT
- request:
    method: get
    uri: http://backend:5352/build/home:permitted_user:Staging:A/_result?code=unresolvable
    body:
      encoding: US-ASCII
      string: ''
    headers:
      Accept-Encoding:
      - gzip;q=1.0,deflate;q=0.6,identity;q=0.3
      Accept:
      - "*/*"
      User-Agent:
      - Ruby
  response:
    status:
      code: 200
      message: OK
    headers:
      Content-Type:
      - text/xml
      Cache-Control:
      - no-cache
      Connection:
      - close
      Content-Length:
      - '55'
    body:
      encoding: UTF-8
      string: '<resultlist state="00000000000000000000000000000000"/>

'
    http_version: null
  recorded_at: Wed, 29 Apr 2020 18:34:04 GMT
recorded_with: VCR 5.1.0
