---
http_interactions:
- request:
    method: put
    uri: http://backend:5352/source/foo/_meta?user=user_1
    body:
      encoding: UTF-8
      string: |
        <project name="foo">
          <title>Rosemary Sutcliff</title>
          <description/>
        </project>
    headers:
      Accept-Encoding:
      - gzip;q=1.0,deflate;q=0.6,identity;q=0.3
      Accept:
      - "*/*"
      User-Agent:
      - Ruby
  response:
    status:
      code: 200
      message: OK
    headers:
      Content-Type:
      - text/xml
      Cache-Control:
      - no-cache
      Connection:
      - close
      Content-Length:
      - '97'
    body:
      encoding: UTF-8
      string: |
        <project name="foo">
          <title>Rosemary Sutcliff</title>
          <description></description>
        </project>
    http_version: 
  recorded_at: Mon, 20 Jan 2020 11:00:04 GMT
- request:
    method: put
    uri: http://backend:5352/source/foo/foo_pack/_meta?user=user_2
    body:
      encoding: UTF-8
      string: |
        <package name="foo_pack" project="foo">
          <title>Some Buried Caesar</title>
          <description>Sit enim exercitationem illum.</description>
        </package>
    headers:
      Accept-Encoding:
      - gzip;q=1.0,deflate;q=0.6,identity;q=0.3
      Accept:
      - "*/*"
      User-Agent:
      - Ruby
  response:
    status:
      code: 200
      message: OK
    headers:
      Content-Type:
      - text/xml
      Cache-Control:
      - no-cache
      Connection:
      - close
      Content-Length:
      - '147'
    body:
      encoding: UTF-8
      string: |
        <package name="foo_pack" project="foo">
          <title>Some Buried Caesar</title>
          <description>Sit enim exercitationem illum.</description>
        </package>
    http_version: 
  recorded_at: Mon, 20 Jan 2020 11:00:04 GMT
- request:
    method: put
    uri: http://backend:5352/source/home:superbad/_meta?user=superbad
    body:
      encoding: UTF-8
      string: |
        <project name="home:superbad">
          <title/>
          <description/>
          <person userid="superbad" role="maintainer"/>
        </project>
    headers:
      Accept-Encoding:
      - gzip;q=1.0,deflate;q=0.6,identity;q=0.3
      Accept:
      - "*/*"
      User-Agent:
      - Ruby
  response:
    status:
      code: 200
      message: OK
    headers:
      Content-Type:
      - text/xml
      Cache-Control:
      - no-cache
      Connection:
      - close
      Content-Length:
      - '138'
    body:
      encoding: UTF-8
      string: |
        <project name="home:superbad">
          <title></title>
          <description></description>
          <person userid="superbad" role="maintainer"/>
        </project>
    http_version: 
  recorded_at: Mon, 20 Jan 2020 11:00:05 GMT
- request:
    method: put
    uri: http://backend:5352/source/foo/foo_pack/_attribute?meta=1&user=superbad
    body:
      encoding: UTF-8
      string: |
        <attributes>
          <attribute name="Maintained" namespace="OBS"/>
        </attributes>
    headers:
      Accept-Encoding:
      - gzip;q=1.0,deflate;q=0.6,identity;q=0.3
      Accept:
      - "*/*"
      User-Agent:
      - Ruby
  response:
    status:
      code: 200
      message: OK
    headers:
      Content-Type:
      - text/xml
      Cache-Control:
      - no-cache
      Connection:
      - close
      Content-Length:
      - '171'
    body:
      encoding: UTF-8
      string: |
        <revision rev="34">
          <srcmd5>db05b515efb88bf87f3aa1711acf7507</srcmd5>
          <time>1579518005</time>
          <user>superbad</user>
          <comment></comment>
          <requestid/>
        </revision>
    http_version: 
  recorded_at: Mon, 20 Jan 2020 11:00:05 GMT
recorded_with: VCR 5.0.0
