---
http_interactions:
- request:
    method: put
    uri: http://backend:5352/source/home:tom/_meta?user=tom
    body:
      encoding: UTF-8
      string: |
        <project name="home:tom">
          <title/>
          <description/>
          <person userid="tom" role="maintainer"/>
        </project>
    headers:
      Accept-Encoding:
      - gzip;q=1.0,deflate;q=0.6,identity;q=0.3
      Accept:
      - "*/*"
      User-Agent:
      - Ruby
  response:
    status:
      code: 200
      message: OK
    headers:
      Content-Type:
      - text/xml
      Cache-Control:
      - no-cache
      Connection:
      - close
      Content-Length:
      - '128'
    body:
      encoding: UTF-8
      string: |
        <project name="home:tom">
          <title></title>
          <description></description>
          <person userid="tom" role="maintainer"/>
        </project>
  recorded_at: Fri, 05 Jun 2020 08:51:23 GMT
- request:
    method: put
    uri: http://backend:5352/source/home:tom/my_package/_meta?user=tom
    body:
      encoding: UTF-8
      string: |
        <package name="my_package" project="home:tom">
          <title>Now Sleeps the Crimson Petal</title>
          <description>Veniam omnis ut rem.</description>
        </package>
    headers:
      Accept-Encoding:
      - gzip;q=1.0,deflate;q=0.6,identity;q=0.3
      Accept:
      - "*/*"
      User-Agent:
      - Ruby
  response:
    status:
      code: 200
      message: OK
    headers:
      Content-Type:
      - text/xml
      Cache-Control:
      - no-cache
      Connection:
      - close
      Content-Length:
      - '154'
    body:
      encoding: UTF-8
      string: |
        <package name="my_package" project="home:tom">
          <title>Now Sleeps the Crimson Petal</title>
          <description>Veniam omnis ut rem.</description>
        </package>
  recorded_at: Fri, 05 Jun 2020 08:51:23 GMT
- request:
    method: get
    uri: http://backend:5352/source/home:tom/my_package
    body:
      encoding: US-ASCII
      string: ''
    headers:
      Accept-Encoding:
      - gzip;q=1.0,deflate;q=0.6,identity;q=0.3
      Accept:
      - "*/*"
      User-Agent:
      - Ruby
  response:
    status:
      code: 200
      message: OK
    headers:
      Content-Type:
      - text/xml
      Cache-Control:
      - no-cache
      Connection:
      - close
      Content-Length:
      - '85'
    body:
      encoding: UTF-8
      string: |
        <directory name="my_package" srcmd5="d41d8cd98f00b204e9800998ecf8427e">
        </directory>
  recorded_at: Fri, 05 Jun 2020 08:51:23 GMT
- request:
    method: put
    uri: http://backend:5352/source/home:tom/my_package/newly_created_file?user=tom
    body:
      encoding: UTF-8
      string: some_content
    headers:
      Accept-Encoding:
      - gzip;q=1.0,deflate;q=0.6,identity;q=0.3
      Accept:
      - "*/*"
      User-Agent:
      - Ruby
  response:
    status:
      code: 200
      message: OK
    headers:
      Content-Type:
      - text/xml
      Cache-Control:
      - no-cache
      Connection:
      - close
      Content-Length:
      - '203'
    body:
      encoding: UTF-8
      string: |
        <revision rev="1" vrev="1">
          <srcmd5>5a8503c52a494e9a5660128cbdfa43f6</srcmd5>
          <version>unknown</version>
          <time>1591347083</time>
          <user>tom</user>
          <comment></comment>
          <requestid/>
        </revision>
  recorded_at: Fri, 05 Jun 2020 08:51:23 GMT
- request:
    method: put
    uri: http://backend:5352/source/home:tom/my_package/_meta?user=tom
    body:
      encoding: UTF-8
      string: |
        <package name="my_package" project="home:tom">
          <title>Now Sleeps the Crimson Petal</title>
          <description>Veniam omnis ut rem.</description>
        </package>
    headers:
      Accept-Encoding:
      - gzip;q=1.0,deflate;q=0.6,identity;q=0.3
      Accept:
      - "*/*"
      User-Agent:
      - Ruby
  response:
    status:
      code: 200
      message: OK
    headers:
      Content-Type:
      - text/xml
      Cache-Control:
      - no-cache
      Connection:
      - close
      Content-Length:
      - '154'
    body:
      encoding: UTF-8
      string: |
        <package name="my_package" project="home:tom">
          <title>Now Sleeps the Crimson Petal</title>
          <description>Veniam omnis ut rem.</description>
        </package>
  recorded_at: Fri, 05 Jun 2020 08:51:23 GMT
- request:
    method: get
    uri: http://backend:5352/source/home:tom/my_package
    body:
      encoding: US-ASCII
      string: ''
    headers:
      Accept-Encoding:
      - gzip;q=1.0,deflate;q=0.6,identity;q=0.3
      Accept:
      - "*/*"
      User-Agent:
      - Ruby
  response:
    status:
      code: 200
      message: OK
    headers:
      Content-Type:
      - text/xml
      Cache-Control:
      - no-cache
      Connection:
      - close
      Content-Length:
      - '207'
    body:
      encoding: UTF-8
      string: |
        <directory name="my_package" rev="1" vrev="1" srcmd5="5a8503c52a494e9a5660128cbdfa43f6">
          <entry name="newly_created_file" md5="baab6c16d9143523b7865d46896e4596" size="12" mtime="1591346888"/>
        </directory>
  recorded_at: Fri, 05 Jun 2020 08:51:23 GMT
- request:
    method: get
    uri: http://backend:5352/source/home:tom/my_package?view=info
    body:
      encoding: US-ASCII
      string: ''
    headers:
      Accept-Encoding:
      - gzip;q=1.0,deflate;q=0.6,identity;q=0.3
      Accept:
      - "*/*"
      User-Agent:
      - Ruby
  response:
    status:
      code: 200
      message: OK
    headers:
      Content-Type:
      - text/xml
      Cache-Control:
      - no-cache
      Connection:
      - close
      Content-Length:
      - '228'
    body:
      encoding: UTF-8
      string: |
        <sourceinfo package="my_package" rev="1" vrev="1" srcmd5="5a8503c52a494e9a5660128cbdfa43f6" verifymd5="5a8503c52a494e9a5660128cbdfa43f6">
          <error>bad build configuration, no build type defined or detected</error>
        </sourceinfo>
  recorded_at: Fri, 05 Jun 2020 08:51:23 GMT
- request:
    method: get
    uri: http://backend:5352/source/home:tom/my_package
    body:
      encoding: US-ASCII
      string: ''
    headers:
      Accept-Encoding:
      - gzip;q=1.0,deflate;q=0.6,identity;q=0.3
      Accept:
      - "*/*"
      User-Agent:
      - Ruby
  response:
    status:
      code: 200
      message: OK
    headers:
      Content-Type:
      - text/xml
      Cache-Control:
      - no-cache
      Connection:
      - close
      Content-Length:
      - '207'
    body:
      encoding: UTF-8
      string: |
        <directory name="my_package" rev="1" vrev="1" srcmd5="5a8503c52a494e9a5660128cbdfa43f6">
          <entry name="newly_created_file" md5="baab6c16d9143523b7865d46896e4596" size="12" mtime="1591346888"/>
        </directory>
  recorded_at: Fri, 05 Jun 2020 08:51:23 GMT
- request:
    method: post
    uri: http://backend:5352/source/home:tom/my_package?cmd=diff&linkrev=base&onlyissues=1&orev=0&view=xml
    body:
      encoding: UTF-8
      string: ''
    headers:
      Content-Type:
      - application/octet-stream
      Accept-Encoding:
      - gzip;q=1.0,deflate;q=0.6,identity;q=0.3
      Accept:
      - "*/*"
      User-Agent:
      - Ruby
  response:
    status:
      code: 200
      message: OK
    headers:
      Content-Type:
      - text/xml
      Content-Length:
      - '298'
      Cache-Control:
      - no-cache
      Connection:
      - close
    body:
      encoding: UTF-8
      string: |
        <sourcediff key="79c8e56bd184637fc14ab115969cd7b1">
          <old project="home:tom" package="my_package" rev="0" srcmd5="d41d8cd98f00b204e9800998ecf8427e"/>
          <new project="home:tom" package="my_package" rev="1" srcmd5="5a8503c52a494e9a5660128cbdfa43f6"/>
          <files/>
          <issues>
          </issues>
        </sourcediff>
  recorded_at: Fri, 05 Jun 2020 08:51:23 GMT
- request:
    method: get
    uri: http://backend:5352/source/home:tom/my_package/newly_created_file
    body:
      encoding: US-ASCII
      string: ''
    headers:
      Accept-Encoding:
      - gzip;q=1.0,deflate;q=0.6,identity;q=0.3
      Accept:
      - "*/*"
      User-Agent:
      - Ruby
  response:
    status:
      code: 200
      message: OK
    headers:
      Content-Type:
      - application/octet-stream
      Content-Length:
      - '12'
      Cache-Control:
      - no-cache
      Connection:
      - close
    body:
      encoding: UTF-8
      string: some_content
  recorded_at: Fri, 05 Jun 2020 08:51:23 GMT
recorded_with: VCR 6.0.0
