---
http_interactions:
- request:
    method: put
    uri: http://backend:5352/source/home:package_test_user/_meta?user=package_test_user
    body:
      encoding: UTF-8
      string: |
        <project name="home:package_test_user">
          <title/>
          <description/>
          <person userid="package_test_user" role="maintainer"/>
        </project>
    headers:
      Accept-Encoding:
      - gzip;q=1.0,deflate;q=0.6,identity;q=0.3
      Accept:
      - "*/*"
      User-Agent:
      - Ruby
  response:
    status:
      code: 200
      message: OK
    headers:
      Content-Type:
      - text/xml
      Cache-Control:
      - no-cache
      Connection:
      - close
      Content-Length:
      - '156'
    body:
      encoding: UTF-8
      string: |
        <project name="home:package_test_user">
          <title></title>
          <description></description>
          <person userid="package_test_user" role="maintainer"/>
        </project>
  recorded_at: Fri, 25 Jun 2021 11:31:30 GMT
- request:
    method: put
    uri: http://backend:5352/source/home:package_test_user/test_package/_meta?user=user_9
    body:
      encoding: UTF-8
      string: |
        <package name="test_package" project="home:package_test_user">
          <title>Nectar in a Sieve</title>
          <description>Unde quia nesciunt consequatur.</description>
        </package>
    headers:
      Accept-Encoding:
      - gzip;q=1.0,deflate;q=0.6,identity;q=0.3
      Accept:
      - "*/*"
      User-Agent:
      - Ruby
  response:
    status:
      code: 200
      message: OK
    headers:
      Content-Type:
      - text/xml
      Cache-Control:
      - no-cache
      Connection:
      - close
      Content-Length:
      - '170'
    body:
      encoding: UTF-8
      string: |
        <package name="test_package" project="home:package_test_user">
          <title>Nectar in a Sieve</title>
          <description>Unde quia nesciunt consequatur.</description>
        </package>
  recorded_at: Fri, 25 Jun 2021 11:31:30 GMT
- request:
    method: put
    uri: http://backend:5352/source/home:package_test_user/test_package/_config
    body:
      encoding: UTF-8
      string: Eaque suscipit doloribus. Fuga cupiditate quibusdam. Aut suscipit eveniet.
    headers:
      Accept-Encoding:
      - gzip;q=1.0,deflate;q=0.6,identity;q=0.3
      Accept:
      - "*/*"
      User-Agent:
      - Ruby
  response:
    status:
      code: 200
      message: OK
    headers:
      Content-Type:
      - text/xml
      Cache-Control:
      - no-cache
      Connection:
      - close
      Content-Length:
      - '209'
    body:
      encoding: UTF-8
      string: |
        <revision rev="10" vrev="10">
          <srcmd5>367335854550b857232c9a2721cb7dd2</srcmd5>
          <version>unknown</version>
          <time>1624620690</time>
          <user>unknown</user>
          <comment></comment>
          <requestid/>
        </revision>
  recorded_at: Fri, 25 Jun 2021 11:31:30 GMT
- request:
    method: put
    uri: http://backend:5352/source/home:package_test_user/test_package/somefile.txt
    body:
      encoding: UTF-8
      string: Fugit non tenetur. Dolorem molestias numquam. Voluptatem voluptas quia.
    headers:
      Accept-Encoding:
      - gzip;q=1.0,deflate;q=0.6,identity;q=0.3
      Accept:
      - "*/*"
      User-Agent:
      - Ruby
  response:
    status:
      code: 200
      message: OK
    headers:
      Content-Type:
      - text/xml
      Cache-Control:
      - no-cache
      Connection:
      - close
      Content-Length:
      - '209'
    body:
      encoding: UTF-8
      string: |
        <revision rev="11" vrev="11">
          <srcmd5>538b80692b39d509774c240cada1049a</srcmd5>
          <version>unknown</version>
          <time>1624620690</time>
          <user>unknown</user>
          <comment></comment>
          <requestid/>
        </revision>
  recorded_at: Fri, 25 Jun 2021 11:31:30 GMT
- request:
    method: put
    uri: http://backend:5352/source/home:other_package_test_user/_meta?user=other_package_test_user
    body:
      encoding: UTF-8
      string: |
        <project name="home:other_package_test_user">
          <title/>
          <description/>
          <person userid="other_package_test_user" role="maintainer"/>
        </project>
    headers:
      Accept-Encoding:
      - gzip;q=1.0,deflate;q=0.6,identity;q=0.3
      Accept:
      - "*/*"
      User-Agent:
      - Ruby
  response:
    status:
      code: 200
      message: OK
    headers:
      Content-Type:
      - text/xml
      Cache-Control:
      - no-cache
      Connection:
      - close
      Content-Length:
      - '168'
    body:
      encoding: UTF-8
      string: |
        <project name="home:other_package_test_user">
          <title></title>
          <description></description>
          <person userid="other_package_test_user" role="maintainer"/>
        </project>
  recorded_at: Fri, 25 Jun 2021 11:31:30 GMT
- request:
    method: put
    uri: http://backend:5352/source/home:other_package_test_user/branch_test_package/_meta?user=user_10
    body:
      encoding: UTF-8
      string: |
        <package name="branch_test_package" project="home:other_package_test_user">
          <title>The Man Within</title>
          <description>Vero odit sit sed.</description>
        </package>
    headers:
      Accept-Encoding:
      - gzip;q=1.0,deflate;q=0.6,identity;q=0.3
      Accept:
      - "*/*"
      User-Agent:
      - Ruby
  response:
    status:
      code: 200
      message: OK
    headers:
      Content-Type:
      - text/xml
      Cache-Control:
      - no-cache
      Connection:
      - close
      Content-Length:
      - '167'
    body:
      encoding: UTF-8
      string: |
        <package name="branch_test_package" project="home:other_package_test_user">
          <title>The Man Within</title>
          <description>Vero odit sit sed.</description>
        </package>
  recorded_at: Fri, 25 Jun 2021 11:31:31 GMT
- request:
    method: put
    uri: http://backend:5352/source/home:other_package_test_user/branch_test_package/_config
    body:
      encoding: UTF-8
      string: Dolorum quam officia. Iste error labore. Repellendus facilis et.
    headers:
      Accept-Encoding:
      - gzip;q=1.0,deflate;q=0.6,identity;q=0.3
      Accept:
      - "*/*"
      User-Agent:
      - Ruby
  response:
    status:
      code: 200
      message: OK
    headers:
      Content-Type:
      - text/xml
      Cache-Control:
      - no-cache
      Connection:
      - close
      Content-Length:
      - '207'
    body:
      encoding: UTF-8
      string: |
        <revision rev="9" vrev="9">
          <srcmd5>b85023961fca888ef5445f1214fc53df</srcmd5>
          <version>unknown</version>
          <time>1624620691</time>
          <user>unknown</user>
          <comment></comment>
          <requestid/>
        </revision>
  recorded_at: Fri, 25 Jun 2021 11:31:31 GMT
- request:
    method: put
    uri: http://backend:5352/source/home:other_package_test_user/branch_test_package/somefile.txt
    body:
      encoding: UTF-8
      string: Quia cumque et. Delectus corporis error. Voluptas placeat molestias.
    headers:
      Accept-Encoding:
      - gzip;q=1.0,deflate;q=0.6,identity;q=0.3
      Accept:
      - "*/*"
      User-Agent:
      - Ruby
  response:
    status:
      code: 200
      message: OK
    headers:
      Content-Type:
      - text/xml
      Cache-Control:
      - no-cache
      Connection:
      - close
      Content-Length:
      - '209'
    body:
      encoding: UTF-8
      string: |
        <revision rev="10" vrev="10">
          <srcmd5>41e5f85a1866c213565b7472768cfe11</srcmd5>
          <version>unknown</version>
          <time>1624620691</time>
          <user>unknown</user>
          <comment></comment>
          <requestid/>
        </revision>
  recorded_at: Fri, 25 Jun 2021 11:31:31 GMT
- request:
    method: get
    uri: http://backend:5352/build/home:package_test_user/package_test_repository/i586/test_package/_jobstatus
    body:
      encoding: US-ASCII
      string: ''
    headers:
      X-Request-Id:
      - 5fbefcb3-3edc-41f4-afeb-24862f0b6262
      Accept-Encoding:
      - gzip;q=1.0,deflate;q=0.6,identity;q=0.3
      Accept:
      - "*/*"
      User-Agent:
      - Ruby
  response:
    status:
      code: 404
      message: project 'home package_test_user' has no repository 'package_test_repository'
    headers:
      Content-Type:
      - text/xml
      Cache-Control:
      - no-cache
      Connection:
      - close
      Content-Length:
      - '230'
    body:
      encoding: UTF-8
      string: |
        <status code="404">
          <summary>project 'home:package_test_user' has no repository 'package_test_repository'</summary>
          <details>404 project 'home:package_test_user' has no repository 'package_test_repository'</details>
        </status>
  recorded_at: Fri, 25 Jun 2021 11:31:32 GMT
recorded_with: VCR 6.0.0
