---
http_interactions:
- request:
    method: put
    uri: http://backend:5352/source/home:request_user/_meta?user=request_user
    body:
      encoding: UTF-8
      string: |
        <project name="home:request_user">
          <title/>
          <description/>
          <person userid="request_user" role="maintainer"/>
        </project>
    headers:
      Accept-Encoding:
      - gzip;q=1.0,deflate;q=0.6,identity;q=0.3
      Accept:
      - "*/*"
      User-Agent:
      - Ruby
  response:
    status:
      code: 200
      message: OK
    headers:
      Content-Type:
      - text/xml
      Cache-Control:
      - no-cache
      Connection:
      - close
      Content-Length:
      - '146'
    body:
      encoding: UTF-8
      string: |
        <project name="home:request_user">
          <title></title>
          <description></description>
          <person userid="request_user" role="maintainer"/>
        </project>
    http_version: null
  recorded_at: Fri, 21 Feb 2020 10:46:53 GMT
- request:
    method: put
    uri: http://backend:5352/source/super_target_prj/_meta?user=user_1
    body:
      encoding: UTF-8
      string: |
        <project name="super_target_prj">
          <title>Tirra Lirra by the River</title>
          <description/>
        </project>
    headers:
      Accept-Encoding:
      - gzip;q=1.0,deflate;q=0.6,identity;q=0.3
      Accept:
      - "*/*"
      User-Agent:
      - Ruby
  response:
    status:
      code: 200
      message: OK
    headers:
      Content-Type:
      - text/xml
      Cache-Control:
      - no-cache
      Connection:
      - close
      Content-Length:
      - '117'
    body:
      encoding: UTF-8
      string: |
        <project name="super_target_prj">
          <title>Tirra Lirra by the River</title>
          <description></description>
        </project>
    http_version: null
  recorded_at: Fri, 21 Feb 2020 10:46:54 GMT
- request:
    method: put
    uri: http://backend:5352/source/super_target_prj/super_target_prj/_meta?user=user_2
    body:
      encoding: UTF-8
      string: |
        <package name="super_target_prj" project="super_target_prj">
          <title>Carrion Comfort</title>
          <description>Adipisci quo accusantium fuga.</description>
        </package>
    headers:
      Accept-Encoding:
      - gzip;q=1.0,deflate;q=0.6,identity;q=0.3
      Accept:
      - "*/*"
      User-Agent:
      - Ruby
  response:
    status:
      code: 200
      message: OK
    headers:
      Content-Type:
      - text/xml
      Cache-Control:
      - no-cache
      Connection:
      - close
      Content-Length:
      - '165'
    body:
      encoding: UTF-8
      string: |
        <package name="super_target_prj" project="super_target_prj">
          <title>Carrion Comfort</title>
          <description>Adipisci quo accusantium fuga.</description>
        </package>
    http_version: null
  recorded_at: Fri, 21 Feb 2020 10:46:55 GMT
- request:
    method: put
    uri: http://backend:5352/source/super_source_pkg/_meta?user=user_3
    body:
      encoding: UTF-8
      string: |
        <project name="super_source_pkg">
          <title>Recalled to Life</title>
          <description/>
        </project>
    headers:
      Accept-Encoding:
      - gzip;q=1.0,deflate;q=0.6,identity;q=0.3
      Accept:
      - "*/*"
      User-Agent:
      - Ruby
  response:
    status:
      code: 200
      message: OK
    headers:
      Content-Type:
      - text/xml
      Cache-Control:
      - no-cache
      Connection:
      - close
      Content-Length:
      - '109'
    body:
      encoding: UTF-8
      string: |
        <project name="super_source_pkg">
          <title>Recalled to Life</title>
          <description></description>
        </project>
    http_version: null
  recorded_at: Fri, 21 Feb 2020 10:46:57 GMT
- request:
    method: put
    uri: http://backend:5352/source/super_source_pkg/super_source_pkg/_meta?user=user_4
    body:
      encoding: UTF-8
      string: |
        <package name="super_source_pkg" project="super_source_pkg">
          <title>Waiting for the Barbarians</title>
          <description>Consequatur occaecati et qui.</description>
        </package>
    headers:
      Accept-Encoding:
      - gzip;q=1.0,deflate;q=0.6,identity;q=0.3
      Accept:
      - "*/*"
      User-Agent:
      - Ruby
  response:
    status:
      code: 200
      message: OK
    headers:
      Content-Type:
      - text/xml
      Cache-Control:
      - no-cache
      Connection:
      - close
      Content-Length:
      - '175'
    body:
      encoding: UTF-8
      string: |
        <package name="super_source_pkg" project="super_source_pkg">
          <title>Waiting for the Barbarians</title>
          <description>Consequatur occaecati et qui.</description>
        </package>
    http_version: null
  recorded_at: Fri, 21 Feb 2020 10:46:57 GMT
- request:
    method: get
    uri: http://backend:5352/source/super_source_pkg/super_source_pkg
    body:
      encoding: US-ASCII
      string: ''
    headers:
      Accept-Encoding:
      - gzip;q=1.0,deflate;q=0.6,identity;q=0.3
      Accept:
      - "*/*"
      User-Agent:
      - Ruby
  response:
    status:
      code: 200
      message: OK
    headers:
      Content-Type:
      - text/xml
      Cache-Control:
      - no-cache
      Connection:
      - close
      Content-Length:
      - '91'
    body:
      encoding: UTF-8
      string: |
        <directory name="super_source_pkg" srcmd5="d41d8cd98f00b204e9800998ecf8427e">
        </directory>
    http_version: null
  recorded_at: Fri, 21 Feb 2020 10:46:57 GMT
- request:
    method: post
    uri: http://backend:5352/source/super_source_pkg/super_source_pkg?cmd=diff&expand=1&nodiff=1&opackage=super_target_prj&oproject=super_target_prj
    body:
      encoding: UTF-8
      string: ''
    headers:
      Content-Type:
      - application/octet-stream
      Accept-Encoding:
      - gzip;q=1.0,deflate;q=0.6,identity;q=0.3
      Accept:
      - "*/*"
      User-Agent:
      - Ruby
  response:
    status:
      code: 200
      message: OK
    headers:
      Content-Type:
      - text/plain
      Cache-Control:
      - no-cache
      Connection:
      - close
      Content-Length:
      - '0'
    body:
      encoding: UTF-8
      string: ''
    http_version: null
  recorded_at: Fri, 21 Feb 2020 10:46:57 GMT
recorded_with: VCR 5.1.0
