---
http_interactions:
- request:
    method: put
    uri: http://backend:5352/source/project_1/_meta?user=user_4
    body:
      encoding: UTF-8
      string: |
        <project name="project_1">
          <title>Stranger in a Strange Land</title>
          <description/>
          <person userid="foo" role="maintainer"/>
        </project>
    headers:
      Accept-Encoding:
      - gzip;q=1.0,deflate;q=0.6,identity;q=0.3
      Accept:
      - "*/*"
      User-Agent:
      - Ruby
  response:
    status:
      code: 200
      message: OK
    headers:
      Content-Type:
      - text/xml
      Cache-Control:
      - no-cache
      Connection:
      - close
      Content-Length:
      - '155'
    body:
      encoding: UTF-8
      string: |
        <project name="project_1">
          <title>Stranger in a Strange Land</title>
          <description></description>
          <person userid="foo" role="maintainer"/>
        </project>
  recorded_at: Thu, 22 Apr 2021 11:38:54 GMT
- request:
    method: put
    uri: http://backend:5352/source/project_1/package_1/_meta?user=user_5
    body:
      encoding: UTF-8
      string: |
        <package name="package_1" project="project_1">
          <title>The Parliament of Man</title>
          <description>Asperiores perferendis voluptatem delectus.</description>
        </package>
    headers:
      Accept-Encoding:
      - gzip;q=1.0,deflate;q=0.6,identity;q=0.3
      Accept:
      - "*/*"
      User-Agent:
      - Ruby
  response:
    status:
      code: 200
      message: OK
    headers:
      Content-Type:
      - text/xml
      Cache-Control:
      - no-cache
      Connection:
      - close
      Content-Length:
      - '170'
    body:
      encoding: UTF-8
      string: |
        <package name="package_1" project="project_1">
          <title>The Parliament of Man</title>
          <description>Asperiores perferendis voluptatem delectus.</description>
        </package>
  recorded_at: Thu, 22 Apr 2021 11:38:54 GMT
- request:
    method: put
    uri: http://backend:5352/source/project_2/_meta?user=user_6
    body:
      encoding: UTF-8
      string: |
        <project name="project_2">
          <title>Wildfire at Midnight</title>
          <description/>
        </project>
    headers:
      Accept-Encoding:
      - gzip;q=1.0,deflate;q=0.6,identity;q=0.3
      Accept:
      - "*/*"
      User-Agent:
      - Ruby
  response:
    status:
      code: 200
      message: OK
    headers:
      Content-Type:
      - text/xml
      Cache-Control:
      - no-cache
      Connection:
      - close
      Content-Length:
      - '106'
    body:
      encoding: UTF-8
      string: |
        <project name="project_2">
          <title>Wildfire at Midnight</title>
          <description></description>
        </project>
  recorded_at: Thu, 22 Apr 2021 11:38:54 GMT
- request:
    method: put
    uri: http://backend:5352/source/project_2/package_1/_meta?user=user_7
    body:
      encoding: UTF-8
      string: |
        <package name="package_1" project="project_2">
          <title>From Here to Eternity</title>
          <description>Praesentium aliquam quis ipsam.</description>
        </package>
    headers:
      Accept-Encoding:
      - gzip;q=1.0,deflate;q=0.6,identity;q=0.3
      Accept:
      - "*/*"
      User-Agent:
      - Ruby
  response:
    status:
      code: 200
      message: OK
    headers:
      Content-Type:
      - text/xml
      Cache-Control:
      - no-cache
      Connection:
      - close
      Content-Length:
      - '158'
    body:
      encoding: UTF-8
      string: |
        <package name="package_1" project="project_2">
          <title>From Here to Eternity</title>
          <description>Praesentium aliquam quis ipsam.</description>
        </package>
  recorded_at: Thu, 22 Apr 2021 11:38:54 GMT
recorded_with: VCR 6.0.0
