---
http_interactions:
- request:
    method: put
    uri: http://backend:5352/source/openSUSE:Factory:Staging/_meta?user=_nobody_
    body:
      encoding: UTF-8
      string: |
        <project name="openSUSE:Factory:Staging">
          <title>Tender Is the Night</title>
          <description/>
        </project>
    headers:
      Accept-Encoding:
      - gzip;q=1.0,deflate;q=0.6,identity;q=0.3
      Accept:
      - "*/*"
      User-Agent:
      - Ruby
  response:
    status:
      code: 200
      message: OK
    headers:
      Content-Type:
      - text/xml
      Cache-Control:
      - no-cache
      Connection:
      - close
      Content-Length:
      - '120'
    body:
      encoding: UTF-8
      string: |
        <project name="openSUSE:Factory:Staging">
          <title>Tender Is the Night</title>
          <description></description>
        </project>
    http_version: 
  recorded_at: Mon, 21 Jan 2019 14:45:26 GMT
- request:
    method: put
    uri: http://backend:5352/source/openSUSE:Factory/_meta?user=_nobody_
    body:
      encoding: UTF-8
      string: |
        <project name="openSUSE:Factory">
          <title>The Daffodil Sky</title>
          <description/>
        </project>
    headers:
      Accept-Encoding:
      - gzip;q=1.0,deflate;q=0.6,identity;q=0.3
      Accept:
      - "*/*"
      User-Agent:
      - Ruby
  response:
    status:
      code: 200
      message: OK
    headers:
      Content-Type:
      - text/xml
      Cache-Control:
      - no-cache
      Connection:
      - close
      Content-Length:
      - '109'
    body:
      encoding: UTF-8
      string: |
        <project name="openSUSE:Factory">
          <title>The Daffodil Sky</title>
          <description></description>
        </project>
    http_version: 
  recorded_at: Mon, 21 Jan 2019 14:45:26 GMT
- request:
    method: put
    uri: http://backend:5352/source/openSUSE:Factory/target_package/_meta?user=_nobody_
    body:
      encoding: UTF-8
      string: |
        <package name="target_package" project="openSUSE:Factory">
          <title>Recalled to Life</title>
          <description>Illum dignissimos sit incidunt.</description>
        </package>
    headers:
      Accept-Encoding:
      - gzip;q=1.0,deflate;q=0.6,identity;q=0.3
      Accept:
      - "*/*"
      User-Agent:
      - Ruby
  response:
    status:
      code: 200
      message: OK
    headers:
      Content-Type:
      - text/xml
      Cache-Control:
      - no-cache
      Connection:
      - close
      Content-Length:
      - '165'
    body:
      encoding: UTF-8
      string: |
        <package name="target_package" project="openSUSE:Factory">
          <title>Recalled to Life</title>
          <description>Illum dignissimos sit incidunt.</description>
        </package>
    http_version: 
  recorded_at: Mon, 21 Jan 2019 14:45:26 GMT
- request:
    method: put
    uri: http://backend:5352/source/openSUSE:Factory/target_package/_meta?user=_nobody_
    body:
      encoding: UTF-8
      string: |
        <package name="target_package" project="openSUSE:Factory">
          <title>Recalled to Life</title>
          <description>Illum dignissimos sit incidunt.</description>
        </package>
    headers:
      Accept-Encoding:
      - gzip;q=1.0,deflate;q=0.6,identity;q=0.3
      Accept:
      - "*/*"
      User-Agent:
      - Ruby
  response:
    status:
      code: 200
      message: OK
    headers:
      Content-Type:
      - text/xml
      Cache-Control:
      - no-cache
      Connection:
      - close
      Content-Length:
      - '165'
    body:
      encoding: UTF-8
      string: |
        <package name="target_package" project="openSUSE:Factory">
          <title>Recalled to Life</title>
          <description>Illum dignissimos sit incidunt.</description>
        </package>
    http_version: 
  recorded_at: Mon, 21 Jan 2019 14:45:26 GMT
- request:
    method: put
    uri: http://backend:5352/source/project_7/_meta?user=_nobody_
    body:
      encoding: UTF-8
      string: |
        <project name="project_7">
          <title>Ego Dominus Tuus</title>
          <description/>
        </project>
    headers:
      Accept-Encoding:
      - gzip;q=1.0,deflate;q=0.6,identity;q=0.3
      Accept:
      - "*/*"
      User-Agent:
      - Ruby
  response:
    status:
      code: 200
      message: OK
    headers:
      Content-Type:
      - text/xml
      Cache-Control:
      - no-cache
      Connection:
      - close
      Content-Length:
      - '102'
    body:
      encoding: UTF-8
      string: |
        <project name="project_7">
          <title>Ego Dominus Tuus</title>
          <description></description>
        </project>
    http_version: 
  recorded_at: Mon, 21 Jan 2019 14:45:26 GMT
- request:
    method: put
    uri: http://backend:5352/source/project_7/package_7/_meta?user=_nobody_
    body:
      encoding: UTF-8
      string: |
        <package name="package_7" project="project_7">
          <title>Noli Me Tangere</title>
          <description>Qui ea perspiciatis fugit.</description>
        </package>
    headers:
      Accept-Encoding:
      - gzip;q=1.0,deflate;q=0.6,identity;q=0.3
      Accept:
      - "*/*"
      User-Agent:
      - Ruby
  response:
    status:
      code: 200
      message: OK
    headers:
      Content-Type:
      - text/xml
      Cache-Control:
      - no-cache
      Connection:
      - close
      Content-Length:
      - '147'
    body:
      encoding: UTF-8
      string: |
        <package name="package_7" project="project_7">
          <title>Noli Me Tangere</title>
          <description>Qui ea perspiciatis fugit.</description>
        </package>
    http_version: 
  recorded_at: Mon, 21 Jan 2019 14:45:26 GMT
- request:
    method: put
    uri: http://backend:5352/source/project_7/package_7/_meta?user=_nobody_
    body:
      encoding: UTF-8
      string: |
        <package name="package_7" project="project_7">
          <title>Noli Me Tangere</title>
          <description>Qui ea perspiciatis fugit.</description>
        </package>
    headers:
      Accept-Encoding:
      - gzip;q=1.0,deflate;q=0.6,identity;q=0.3
      Accept:
      - "*/*"
      User-Agent:
      - Ruby
  response:
    status:
      code: 200
      message: OK
    headers:
      Content-Type:
      - text/xml
      Cache-Control:
      - no-cache
      Connection:
      - close
      Content-Length:
      - '147'
    body:
      encoding: UTF-8
      string: |
        <package name="package_7" project="project_7">
          <title>Noli Me Tangere</title>
          <description>Qui ea perspiciatis fugit.</description>
        </package>
    http_version: 
  recorded_at: Mon, 21 Jan 2019 14:45:26 GMT
- request:
    method: put
    uri: http://backend:5352/source/project_7/_project/_attribute?meta=1&user=
    body:
      encoding: UTF-8
      string: |
        <attributes>
          <attribute name="ApprovedRequestSource" namespace="OBS"/>
        </attributes>
    headers:
      Accept-Encoding:
      - gzip;q=1.0,deflate;q=0.6,identity;q=0.3
      Accept:
      - "*/*"
      User-Agent:
      - Ruby
  response:
    status:
      code: 200
      message: OK
    headers:
      Content-Type:
      - text/xml
      Cache-Control:
      - no-cache
      Connection:
      - close
      Content-Length:
      - '163'
    body:
      encoding: UTF-8
      string: |
        <revision rev="40">
          <srcmd5>b4c911c2cfe55126125f12879bcaef26</srcmd5>
          <time>1548081926</time>
          <user></user>
          <comment></comment>
          <requestid/>
        </revision>
    http_version: 
  recorded_at: Mon, 21 Jan 2019 14:45:26 GMT
- request:
    method: put
    uri: http://backend:5352/source/home:user_22/_meta?user=user_22
    body:
      encoding: UTF-8
      string: |
        <project name="home:user_22">
          <title/>
          <description/>
          <person userid="user_22" role="maintainer"/>
        </project>
    headers:
      Accept-Encoding:
      - gzip;q=1.0,deflate;q=0.6,identity;q=0.3
      Accept:
      - "*/*"
      User-Agent:
      - Ruby
  response:
    status:
      code: 200
      message: OK
    headers:
      Content-Type:
      - text/xml
      Cache-Control:
      - no-cache
      Connection:
      - close
      Content-Length:
      - '137'
    body:
      encoding: UTF-8
      string: |
        <project name="home:user_22">
          <title></title>
          <description></description>
          <person userid="user_22" role="maintainer" />
        </project>
    http_version: 
  recorded_at: Mon, 21 Jan 2019 14:45:26 GMT
- request:
    method: put
    uri: http://backend:5352/source/openSUSE:Factory:Staging:A/_meta?user=user_22
    body:
      encoding: UTF-8
      string: |
        <project name="openSUSE:Factory:Staging:A">
          <title>Mother Night</title>
          <description>      requests:
                - { id: 1 }
        </description>
        </project>
    headers:
      Accept-Encoding:
      - gzip;q=1.0,deflate;q=0.6,identity;q=0.3
      Accept:
      - "*/*"
      User-Agent:
      - Ruby
  response:
    status:
      code: 200
      message: OK
    headers:
      Content-Type:
      - text/xml
      Cache-Control:
      - no-cache
      Connection:
      - close
      Content-Length:
      - '151'
    body:
      encoding: UTF-8
      string: |
        <project name="openSUSE:Factory:Staging:A">
          <title>Mother Night</title>
          <description>      requests:
                - { id: 1 }
        </description>
        </project>
    http_version: 
  recorded_at: Mon, 21 Jan 2019 14:45:26 GMT
- request:
    method: put
    uri: http://backend:5352/source/openSUSE:Factory:Staging:B/_meta?user=user_22
    body:
      encoding: UTF-8
      string: |
        <project name="openSUSE:Factory:Staging:B">
          <title>Cover Her Face</title>
          <description>Factory staging project B</description>
        </project>
    headers:
      Accept-Encoding:
      - gzip;q=1.0,deflate;q=0.6,identity;q=0.3
      Accept:
      - "*/*"
      User-Agent:
      - Ruby
  response:
    status:
      code: 200
      message: OK
    headers:
      Content-Type:
      - text/xml
      Cache-Control:
      - no-cache
      Connection:
      - close
      Content-Length:
      - '142'
    body:
      encoding: UTF-8
      string: |
        <project name="openSUSE:Factory:Staging:B">
          <title>Cover Her Face</title>
          <description>Factory staging project B</description>
        </project>
    http_version: 
  recorded_at: Mon, 21 Jan 2019 14:45:26 GMT
- request:
    method: get
    uri: http://backend:5352/build/openSUSE:Factory:Staging:A/_result?code=unresolvable
    body:
      encoding: US-ASCII
      string: ''
    headers:
      Accept-Encoding:
      - gzip;q=1.0,deflate;q=0.6,identity;q=0.3
      Accept:
      - "*/*"
      User-Agent:
      - Ruby
  response:
    status:
      code: 200
      message: OK
    headers:
      Content-Type:
      - text/xml
      Cache-Control:
      - no-cache
      Connection:
      - close
      Content-Length:
      - '56'
    body:
      encoding: UTF-8
      string: '<resultlist state="00000000000000000000000000000000" />

'
    http_version: 
  recorded_at: Mon, 21 Jan 2019 14:45:26 GMT
recorded_with: VCR 4.0.0
