---
http_interactions:
- request:
    method: put
    uri: http://backend:5352/source/home:tom/_meta?user=tom
    body:
      encoding: UTF-8
      string: |
        <project name="home:tom">
          <title/>
          <description/>
          <person userid="tom" role="maintainer"/>
        </project>
    headers:
      Accept-Encoding:
      - gzip;q=1.0,deflate;q=0.6,identity;q=0.3
      Accept:
      - "*/*"
      User-Agent:
      - Ruby
  response:
    status:
      code: 200
      message: OK
    headers:
      Content-Type:
      - text/xml
      Cache-Control:
      - no-cache
      Connection:
      - close
      Content-Length:
      - '129'
    body:
      encoding: UTF-8
      string: |
        <project name="home:tom">
          <title></title>
          <description></description>
          <person userid="tom" role="maintainer" />
        </project>
    http_version: 
  recorded_at: Thu, 06 Sep 2018 10:45:48 GMT
- request:
    method: put
    uri: http://backend:5352/source/home:tom/package_with_files/_meta?user=tom
    body:
      encoding: UTF-8
      string: |
        <package name="package_with_files" project="home:tom">
          <title>Jacob Have I Loved</title>
          <description>Non suscipit necessitatibus quasi.</description>
        </package>
    headers:
      Accept-Encoding:
      - gzip;q=1.0,deflate;q=0.6,identity;q=0.3
      Accept:
      - "*/*"
      User-Agent:
      - Ruby
  response:
    status:
      code: 200
      message: OK
    headers:
      Content-Type:
      - text/xml
      Cache-Control:
      - no-cache
      Connection:
      - close
      Content-Length:
      - '166'
    body:
      encoding: UTF-8
      string: |
        <package name="package_with_files" project="home:tom">
          <title>Jacob Have I Loved</title>
          <description>Non suscipit necessitatibus quasi.</description>
        </package>
    http_version: 
  recorded_at: Thu, 06 Sep 2018 10:45:48 GMT
- request:
    method: put
    uri: http://backend:5352/source/home:tom/package_with_files/_meta?user=tom
    body:
      encoding: UTF-8
      string: |
        <package name="package_with_files" project="home:tom">
          <title>Jacob Have I Loved</title>
          <description>Non suscipit necessitatibus quasi.</description>
        </package>
    headers:
      Accept-Encoding:
      - gzip;q=1.0,deflate;q=0.6,identity;q=0.3
      Accept:
      - "*/*"
      User-Agent:
      - Ruby
  response:
    status:
      code: 200
      message: OK
    headers:
      Content-Type:
      - text/xml
      Cache-Control:
      - no-cache
      Connection:
      - close
      Content-Length:
      - '166'
    body:
      encoding: UTF-8
      string: |
        <package name="package_with_files" project="home:tom">
          <title>Jacob Have I Loved</title>
          <description>Non suscipit necessitatibus quasi.</description>
        </package>
    http_version: 
  recorded_at: Thu, 06 Sep 2018 10:45:48 GMT
- request:
    method: put
    uri: http://backend:5352/source/home:tom/package_with_files/_config
    body:
      encoding: UTF-8
      string: Aut vel maxime. Amet qui enim. Vero labore beatae.
    headers:
      Accept-Encoding:
      - gzip;q=1.0,deflate;q=0.6,identity;q=0.3
      Accept:
      - "*/*"
      User-Agent:
      - Ruby
  response:
    status:
      code: 200
      message: OK
    headers:
      Content-Type:
      - text/xml
      Cache-Control:
      - no-cache
      Connection:
      - close
      Content-Length:
      - '211'
    body:
      encoding: UTF-8
      string: |
        <revision rev="428" vrev="428">
          <srcmd5>c4f76ae0dc761f16f28053615b3db693</srcmd5>
          <version>unknown</version>
          <time>1536230748</time>
          <user>unknown</user>
          <comment></comment>
          <requestid/>
        </revision>
    http_version: 
  recorded_at: Thu, 06 Sep 2018 10:45:48 GMT
- request:
    method: put
    uri: http://backend:5352/source/home:tom/package_with_files/somefile.txt
    body:
      encoding: UTF-8
      string: Velit debitis error. Officiis alias aperiam. Est culpa consequatur.
    headers:
      Accept-Encoding:
      - gzip;q=1.0,deflate;q=0.6,identity;q=0.3
      Accept:
      - "*/*"
      User-Agent:
      - Ruby
  response:
    status:
      code: 200
      message: OK
    headers:
      Content-Type:
      - text/xml
      Cache-Control:
      - no-cache
      Connection:
      - close
      Content-Length:
      - '211'
    body:
      encoding: UTF-8
      string: |
        <revision rev="429" vrev="429">
          <srcmd5>0b6a866773dfc91997cdf66520f338d6</srcmd5>
          <version>unknown</version>
          <time>1536230748</time>
          <user>unknown</user>
          <comment></comment>
          <requestid/>
        </revision>
    http_version: 
  recorded_at: Thu, 06 Sep 2018 10:45:48 GMT
- request:
    method: delete
    uri: http://backend:5352/source/home:tom/package_with_files/somefile.txt?comment=comment&user=tom
    body:
      encoding: US-ASCII
      string: ''
    headers:
      Accept-Encoding:
      - gzip;q=1.0,deflate;q=0.6,identity;q=0.3
      Accept:
      - "*/*"
      User-Agent:
      - Ruby
  response:
    status:
      code: 200
      message: OK
    headers:
      Content-Type:
      - text/xml
      Cache-Control:
      - no-cache
      Connection:
      - close
      Content-Length:
      - '214'
    body:
      encoding: UTF-8
      string: |
        <revision rev="430" vrev="430">
          <srcmd5>c4f76ae0dc761f16f28053615b3db693</srcmd5>
          <version>unknown</version>
          <time>1536230748</time>
          <user>tom</user>
          <comment>comment</comment>
          <requestid/>
        </revision>
    http_version: 
  recorded_at: Thu, 06 Sep 2018 10:45:48 GMT
- request:
    method: put
    uri: http://backend:5352/source/home:tom/package_with_files/_meta?user=tom
    body:
      encoding: UTF-8
      string: |
        <package name="package_with_files" project="home:tom">
          <title>Jacob Have I Loved</title>
          <description>Non suscipit necessitatibus quasi.</description>
        </package>
    headers:
      Accept-Encoding:
      - gzip;q=1.0,deflate;q=0.6,identity;q=0.3
      Accept:
      - "*/*"
      User-Agent:
      - Ruby
  response:
    status:
      code: 200
      message: OK
    headers:
      Content-Type:
      - text/xml
      Cache-Control:
      - no-cache
      Connection:
      - close
      Content-Length:
      - '166'
    body:
      encoding: UTF-8
      string: |
        <package name="package_with_files" project="home:tom">
          <title>Jacob Have I Loved</title>
          <description>Non suscipit necessitatibus quasi.</description>
        </package>
    http_version: 
  recorded_at: Thu, 06 Sep 2018 10:45:49 GMT
- request:
    method: get
    uri: http://backend:5352/source/home:tom/package_with_files
    body:
      encoding: US-ASCII
      string: ''
    headers:
      Accept-Encoding:
      - gzip;q=1.0,deflate;q=0.6,identity;q=0.3
      Accept:
      - "*/*"
      User-Agent:
      - Ruby
  response:
    status:
      code: 200
      message: OK
    headers:
      Content-Type:
      - text/xml
      Cache-Control:
      - no-cache
      Connection:
      - close
      Content-Length:
      - '302'
    body:
      encoding: UTF-8
      string: |
        <directory name="package_with_files" rev="430" vrev="430" srcmd5="c4f76ae0dc761f16f28053615b3db693">
          <entry name="_config" md5="af7a8f7532d03f0cb298316cb17d10de" size="50" mtime="1536230748" />
          <entry name="_icon" md5="63145ba980e361af320c5314bbe06c54" size="60" mtime="1536230739" />
        </directory>
    http_version: 
  recorded_at: Thu, 06 Sep 2018 10:45:49 GMT
- request:
    method: get
    uri: http://backend:5352/source/home:tom/package_with_files?view=info
    body:
      encoding: US-ASCII
      string: ''
    headers:
      Accept-Encoding:
      - gzip;q=1.0,deflate;q=0.6,identity;q=0.3
      Accept:
      - "*/*"
      User-Agent:
      - Ruby
  response:
    status:
      code: 200
      message: OK
    headers:
      Content-Type:
      - text/xml
      Cache-Control:
      - no-cache
      Connection:
      - close
      Content-Length:
      - '240'
    body:
      encoding: UTF-8
      string: |
        <sourceinfo package="package_with_files" rev="430" vrev="430" srcmd5="c4f76ae0dc761f16f28053615b3db693" verifymd5="c4f76ae0dc761f16f28053615b3db693">
          <error>bad build configuration, no build type defined or detected</error>
        </sourceinfo>
    http_version: 
  recorded_at: Thu, 06 Sep 2018 10:45:49 GMT
- request:
    method: get
    uri: http://backend:5352/source/home:tom/package_with_files
    body:
      encoding: US-ASCII
      string: ''
    headers:
      Accept-Encoding:
      - gzip;q=1.0,deflate;q=0.6,identity;q=0.3
      Accept:
      - "*/*"
      User-Agent:
      - Ruby
  response:
    status:
      code: 200
      message: OK
    headers:
      Content-Type:
      - text/xml
      Cache-Control:
      - no-cache
      Connection:
      - close
      Content-Length:
      - '302'
    body:
      encoding: UTF-8
      string: |
        <directory name="package_with_files" rev="430" vrev="430" srcmd5="c4f76ae0dc761f16f28053615b3db693">
          <entry name="_config" md5="af7a8f7532d03f0cb298316cb17d10de" size="50" mtime="1536230748" />
          <entry name="_icon" md5="63145ba980e361af320c5314bbe06c54" size="60" mtime="1536230739" />
        </directory>
    http_version: 
  recorded_at: Thu, 06 Sep 2018 10:45:49 GMT
- request:
    method: post
    uri: http://backend:5352/source/home:tom/package_with_files?cmd=diff&linkrev=base&onlyissues=1&orev=0&view=xml
    body:
      encoding: UTF-8
      string: ''
    headers:
      Content-Type:
      - application/octet-stream
      Accept-Encoding:
      - gzip;q=1.0,deflate;q=0.6,identity;q=0.3
      Accept:
      - "*/*"
      User-Agent:
      - Ruby
  response:
    status:
      code: 200
      message: OK
    headers:
      Content-Type:
      - text/xml
      Cache-Control:
      - no-cache
      Connection:
      - close
      Content-Length:
      - '319'
    body:
      encoding: UTF-8
      string: |
        <sourcediff key="2b8252174708cef333f7b2498c708bf7">
          <old project="home:tom" package="package_with_files" rev="0" srcmd5="d41d8cd98f00b204e9800998ecf8427e" />
          <new project="home:tom" package="package_with_files" rev="430" srcmd5="c4f76ae0dc761f16f28053615b3db693" />
          <files />
          <issues>
          </issues>
        </sourcediff>
    http_version: 
  recorded_at: Thu, 06 Sep 2018 10:45:49 GMT
recorded_with: VCR 4.0.0
