---
http_interactions:
- request:
    method: put
    uri: http://backend:5352/source/source_project/_meta?user=_nobody_
    body:
      encoding: UTF-8
      string: |
        <project name="source_project">
          <title>Blood's a Rover</title>
          <description/>
        </project>
    headers:
      Accept-Encoding:
      - gzip;q=1.0,deflate;q=0.6,identity;q=0.3
      Accept:
      - "*/*"
      User-Agent:
      - Ruby
  response:
    status:
      code: 200
      message: OK
    headers:
      Content-Type:
      - text/xml
      Cache-Control:
      - no-cache
      Connection:
      - close
      Content-Length:
      - '106'
    body:
      encoding: UTF-8
      string: |
        <project name="source_project">
          <title>Blood's a Rover</title>
          <description></description>
        </project>
    http_version: 
  recorded_at: Tue, 08 Jan 2019 20:07:27 GMT
- request:
    method: put
    uri: http://backend:5352/source/source_project/source_package/_meta?user=_nobody_
    body:
      encoding: UTF-8
      string: |
        <package name="source_package" project="source_project">
          <title>Antic Hay</title>
          <description>Dolor ad similique ut.</description>
        </package>
    headers:
      Accept-Encoding:
      - gzip;q=1.0,deflate;q=0.6,identity;q=0.3
      Accept:
      - "*/*"
      User-Agent:
      - Ruby
  response:
    status:
      code: 200
      message: OK
    headers:
      Content-Type:
      - text/xml
      Cache-Control:
      - no-cache
      Connection:
      - close
      Content-Length:
      - '147'
    body:
      encoding: UTF-8
      string: |
        <package name="source_package" project="source_project">
          <title>Antic Hay</title>
          <description>Dolor ad similique ut.</description>
        </package>
    http_version: 
  recorded_at: Tue, 08 Jan 2019 20:07:27 GMT
- request:
    method: put
    uri: http://backend:5352/source/source_project/source_package/_meta?user=_nobody_
    body:
      encoding: UTF-8
      string: |
        <package name="source_package" project="source_project">
          <title>Antic Hay</title>
          <description>Dolor ad similique ut.</description>
        </package>
    headers:
      Accept-Encoding:
      - gzip;q=1.0,deflate;q=0.6,identity;q=0.3
      Accept:
      - "*/*"
      User-Agent:
      - Ruby
  response:
    status:
      code: 200
      message: OK
    headers:
      Content-Type:
      - text/xml
      Cache-Control:
      - no-cache
      Connection:
      - close
      Content-Length:
      - '147'
    body:
      encoding: UTF-8
      string: |
        <package name="source_package" project="source_project">
          <title>Antic Hay</title>
          <description>Dolor ad similique ut.</description>
        </package>
    http_version: 
  recorded_at: Tue, 08 Jan 2019 20:07:27 GMT
- request:
    method: put
    uri: http://backend:5352/source/source_project/source_package/_config
    body:
      encoding: UTF-8
      string: Ut aperiam aliquam. Enim quis veritatis. Nostrum eveniet vel.
    headers:
      Accept-Encoding:
      - gzip;q=1.0,deflate;q=0.6,identity;q=0.3
      Accept:
      - "*/*"
      User-Agent:
      - Ruby
  response:
    status:
      code: 200
      message: OK
    headers:
      Content-Type:
      - text/xml
      Cache-Control:
      - no-cache
      Connection:
      - close
      Content-Length:
      - '207'
    body:
      encoding: UTF-8
      string: |
        <revision rev="3" vrev="3">
          <srcmd5>78ffd84c166677a5b7f854235c688dee</srcmd5>
          <version>unknown</version>
          <time>1546978047</time>
          <user>unknown</user>
          <comment></comment>
          <requestid/>
        </revision>
    http_version: 
  recorded_at: Tue, 08 Jan 2019 20:07:27 GMT
- request:
    method: put
    uri: http://backend:5352/source/source_project/source_package/somefile.txt
    body:
      encoding: UTF-8
      string: b
    headers:
      Accept-Encoding:
      - gzip;q=1.0,deflate;q=0.6,identity;q=0.3
      Accept:
      - "*/*"
      User-Agent:
      - Ruby
  response:
    status:
      code: 200
      message: OK
    headers:
      Content-Type:
      - text/xml
      Cache-Control:
      - no-cache
      Connection:
      - close
      Content-Length:
      - '207'
    body:
      encoding: UTF-8
      string: |
        <revision rev="4" vrev="4">
          <srcmd5>78ffd84c166677a5b7f854235c688dee</srcmd5>
          <version>unknown</version>
          <time>1546978047</time>
          <user>unknown</user>
          <comment></comment>
          <requestid/>
        </revision>
    http_version: 
  recorded_at: Tue, 08 Jan 2019 20:07:27 GMT
- request:
    method: put
    uri: http://backend:5352/source/target_project/_meta?user=_nobody_
    body:
      encoding: UTF-8
      string: |
        <project name="target_project">
          <title>If I Forget Thee Jerusalem</title>
          <description/>
        </project>
    headers:
      Accept-Encoding:
      - gzip;q=1.0,deflate;q=0.6,identity;q=0.3
      Accept:
      - "*/*"
      User-Agent:
      - Ruby
  response:
    status:
      code: 200
      message: OK
    headers:
      Content-Type:
      - text/xml
      Cache-Control:
      - no-cache
      Connection:
      - close
      Content-Length:
      - '117'
    body:
      encoding: UTF-8
      string: |
        <project name="target_project">
          <title>If I Forget Thee Jerusalem</title>
          <description></description>
        </project>
    http_version: 
  recorded_at: Tue, 08 Jan 2019 20:07:27 GMT
- request:
    method: put
    uri: http://backend:5352/source/target_project/target_package/_meta?user=_nobody_
    body:
      encoding: UTF-8
      string: |
        <package name="target_package" project="target_project">
          <title>If I Forget Thee Jerusalem</title>
          <description>Fugiat amet praesentium accusamus.</description>
        </package>
    headers:
      Accept-Encoding:
      - gzip;q=1.0,deflate;q=0.6,identity;q=0.3
      Accept:
      - "*/*"
      User-Agent:
      - Ruby
  response:
    status:
      code: 200
      message: OK
    headers:
      Content-Type:
      - text/xml
      Cache-Control:
      - no-cache
      Connection:
      - close
      Content-Length:
      - '176'
    body:
      encoding: UTF-8
      string: |
        <package name="target_package" project="target_project">
          <title>If I Forget Thee Jerusalem</title>
          <description>Fugiat amet praesentium accusamus.</description>
        </package>
    http_version: 
  recorded_at: Tue, 08 Jan 2019 20:07:27 GMT
- request:
    method: put
    uri: http://backend:5352/source/target_project/target_package/_meta?user=_nobody_
    body:
      encoding: UTF-8
      string: |
        <package name="target_package" project="target_project">
          <title>If I Forget Thee Jerusalem</title>
          <description>Fugiat amet praesentium accusamus.</description>
        </package>
    headers:
      Accept-Encoding:
      - gzip;q=1.0,deflate;q=0.6,identity;q=0.3
      Accept:
      - "*/*"
      User-Agent:
      - Ruby
  response:
    status:
      code: 200
      message: OK
    headers:
      Content-Type:
      - text/xml
      Cache-Control:
      - no-cache
      Connection:
      - close
      Content-Length:
      - '176'
    body:
      encoding: UTF-8
      string: |
        <package name="target_package" project="target_project">
          <title>If I Forget Thee Jerusalem</title>
          <description>Fugiat amet praesentium accusamus.</description>
        </package>
    http_version: 
  recorded_at: Tue, 08 Jan 2019 20:07:27 GMT
- request:
    method: put
    uri: http://backend:5352/source/target_project/target_package/_config
    body:
      encoding: UTF-8
      string: Quod provident impedit. Ut maxime eius. Hic delectus quod.
    headers:
      Accept-Encoding:
      - gzip;q=1.0,deflate;q=0.6,identity;q=0.3
      Accept:
      - "*/*"
      User-Agent:
      - Ruby
  response:
    status:
      code: 200
      message: OK
    headers:
      Content-Type:
      - text/xml
      Cache-Control:
      - no-cache
      Connection:
      - close
      Content-Length:
      - '207'
    body:
      encoding: UTF-8
      string: |
        <revision rev="3" vrev="3">
          <srcmd5>60549f90e04276a981abf49230e9023e</srcmd5>
          <version>unknown</version>
          <time>1546978047</time>
          <user>unknown</user>
          <comment></comment>
          <requestid/>
        </revision>
    http_version: 
  recorded_at: Tue, 08 Jan 2019 20:07:27 GMT
- request:
    method: put
    uri: http://backend:5352/source/target_project/target_package/somefile.txt
    body:
      encoding: UTF-8
      string: a
    headers:
      Accept-Encoding:
      - gzip;q=1.0,deflate;q=0.6,identity;q=0.3
      Accept:
      - "*/*"
      User-Agent:
      - Ruby
  response:
    status:
      code: 200
      message: OK
    headers:
      Content-Type:
      - text/xml
      Cache-Control:
      - no-cache
      Connection:
      - close
      Content-Length:
      - '207'
    body:
      encoding: UTF-8
      string: |
        <revision rev="4" vrev="4">
          <srcmd5>60549f90e04276a981abf49230e9023e</srcmd5>
          <version>unknown</version>
          <time>1546978047</time>
          <user>unknown</user>
          <comment></comment>
          <requestid/>
        </revision>
    http_version: 
  recorded_at: Tue, 08 Jan 2019 20:07:27 GMT
- request:
    method: put
    uri: http://backend:5352/source/home:user_1/_meta?user=user_1
    body:
      encoding: UTF-8
      string: |
        <project name="home:user_1">
          <title/>
          <description/>
          <person userid="user_1" role="maintainer"/>
        </project>
    headers:
      Accept-Encoding:
      - gzip;q=1.0,deflate;q=0.6,identity;q=0.3
      Accept:
      - "*/*"
      User-Agent:
      - Ruby
  response:
    status:
      code: 200
      message: OK
    headers:
      Content-Type:
      - text/xml
      Cache-Control:
      - no-cache
      Connection:
      - close
      Content-Length:
      - '135'
    body:
      encoding: UTF-8
      string: |
        <project name="home:user_1">
          <title></title>
          <description></description>
          <person userid="user_1" role="maintainer" />
        </project>
    http_version: 
  recorded_at: Tue, 08 Jan 2019 20:07:28 GMT
- request:
    method: get
    uri: http://backend:5352/source/does-not-exist/source_package
    body:
      encoding: US-ASCII
      string: ''
    headers:
      Accept-Encoding:
      - gzip;q=1.0,deflate;q=0.6,identity;q=0.3
      Accept:
      - "*/*"
      User-Agent:
      - Ruby
  response:
    status:
      code: 404
      message: project 'does-not-exist' does not exist
    headers:
      Content-Type:
      - text/xml
      Cache-Control:
      - no-cache
      Connection:
      - close
      Content-Length:
      - '156'
    body:
      encoding: UTF-8
      string: |
        <status code="404">
          <summary>project 'does-not-exist' does not exist</summary>
          <details>404 project 'does-not-exist' does not exist</details>
        </status>
    http_version: 
  recorded_at: Tue, 08 Jan 2019 20:07:28 GMT
- request:
    method: post
    uri: http://backend:5352/source/does-not-exist/source_package?cmd=diff&expand=1&filelimit=10000&opackage=target_package&oproject=target_project&tarlimit=10000
    body:
      encoding: UTF-8
      string: ''
    headers:
      Content-Type:
      - application/octet-stream
      Accept-Encoding:
      - gzip;q=1.0,deflate;q=0.6,identity;q=0.3
      Accept:
      - "*/*"
      User-Agent:
      - Ruby
  response:
    status:
      code: 404
      message: project 'does-not-exist' does not exist
    headers:
      Content-Type:
      - text/xml
      Cache-Control:
      - no-cache
      Connection:
      - close
      Content-Length:
      - '156'
    body:
      encoding: UTF-8
      string: |
        <status code="404">
          <summary>project 'does-not-exist' does not exist</summary>
          <details>404 project 'does-not-exist' does not exist</details>
        </status>
    http_version: 
  recorded_at: Tue, 08 Jan 2019 20:07:28 GMT
recorded_with: VCR 4.0.0
