---
http_interactions:
- request:
    method: put
    uri: http://backend:5352/source/home:tom/_meta?user=tom
    body:
      encoding: UTF-8
      string: |
        <project name="home:tom">
          <title/>
          <description/>
          <person userid="tom" role="maintainer"/>
        </project>
    headers:
      Accept-Encoding:
      - gzip;q=1.0,deflate;q=0.6,identity;q=0.3
      Accept:
      - "*/*"
      User-Agent:
      - Ruby
  response:
    status:
      code: 200
      message: OK
    headers:
      Content-Type:
      - text/xml
      Cache-Control:
      - no-cache
      Connection:
      - close
      Content-Length:
      - '129'
    body:
      encoding: UTF-8
      string: |
        <project name="home:tom">
          <title></title>
          <description></description>
          <person userid="tom" role="maintainer" />
        </project>
    http_version: 
  recorded_at: Fri, 15 Jun 2018 09:23:30 GMT
- request:
    method: put
    uri: http://backend:5352/source/home:tom/_config?comment=Updated%20by%20test&user=tom
    body:
      encoding: ASCII-8BIT
      string: comment=Updated+by+test
    headers:
      Accept-Encoding:
      - gzip;q=1.0,deflate;q=0.6,identity;q=0.3
      Accept:
      - "*/*"
      User-Agent:
      - Ruby
      Content-Length:
      - '23'
  response:
    status:
      code: 200
      message: OK
    headers:
      Content-Type:
      - text/xml
      Cache-Control:
      - no-cache
      Connection:
      - close
      Content-Length:
      - '21'
    body:
      encoding: UTF-8
      string: '<status code="ok" />

'
    http_version: 
  recorded_at: Fri, 15 Jun 2018 09:23:30 GMT
- request:
    method: get
    uri: http://backend:5352/source/home:tom/_config
    body:
      encoding: US-ASCII
      string: ''
    headers:
      Accept-Encoding:
      - gzip;q=1.0,deflate;q=0.6,identity;q=0.3
      Accept:
      - "*/*"
      User-Agent:
      - Ruby
  response:
    status:
      code: 200
      message: OK
    headers:
      Content-Type:
      - text/plain
      Cache-Control:
      - no-cache
      Connection:
      - close
      Content-Length:
      - '23'
    body:
      encoding: UTF-8
      string: comment=Updated+by+test
    http_version: 
  recorded_at: Fri, 15 Jun 2018 09:23:30 GMT
recorded_with: VCR 4.0.0
