---
http_interactions:
- request:
    method: put
    uri: http://backend:5352/source/my_project/_meta
    body:
      encoding: UTF-8
      string: |
        <project name="my_project">
          <title>Vanity Fair</title>
          <description/>
        </project>
    headers:
      Accept-Encoding:
      - gzip;q=1.0,deflate;q=0.6,identity;q=0.3
      Accept:
      - "*/*"
      User-Agent:
      - Ruby
  response:
    status:
      code: 200
      message: OK
    headers:
      Content-Type:
      - text/xml
      Cache-Control:
      - no-cache
      Connection:
      - close
      Content-Length:
      - '98'
    body:
      encoding: UTF-8
      string: |
        <project name="my_project">
          <title>Vanity Fair</title>
          <description></description>
        </project>
    http_version: 
  recorded_at: Thu, 04 May 2017 14:16:03 GMT
- request:
    method: put
    uri: http://backend:5352/source/my_project/_config
    body:
      encoding: UTF-8
      string: Expedita delectus neque quo modi voluptas saepe. Quae asperiores temporibus
        optio laboriosam ea. Quaerat aut sed.
    headers:
      Accept-Encoding:
      - gzip;q=1.0,deflate;q=0.6,identity;q=0.3
      Accept:
      - "*/*"
      User-Agent:
      - Ruby
  response:
    status:
      code: 200
      message: OK
    headers:
      Content-Type:
      - text/xml
      Cache-Control:
      - no-cache
      Connection:
      - close
      Content-Length:
      - '21'
    body:
      encoding: UTF-8
      string: '<status code="ok" />

'
    http_version: 
  recorded_at: Thu, 04 May 2017 14:16:03 GMT
- request:
    method: put
    uri: http://backend:5352/source/home:user_1/_meta?user=user_1
    body:
      encoding: UTF-8
      string: |
        <project name="home:user_1">
          <title/>
          <description/>
          <person userid="user_1" role="maintainer"/>
        </project>
    headers:
      Accept-Encoding:
      - gzip;q=1.0,deflate;q=0.6,identity;q=0.3
      Accept:
      - "*/*"
      User-Agent:
      - Ruby
  response:
    status:
      code: 200
      message: OK
    headers:
      Content-Type:
      - text/xml
      Cache-Control:
      - no-cache
      Connection:
      - close
      Content-Length:
      - '135'
    body:
      encoding: UTF-8
      string: |
        <project name="home:user_1">
          <title></title>
          <description></description>
          <person userid="user_1" role="maintainer" />
        </project>
    http_version: 
  recorded_at: Thu, 04 May 2017 14:16:03 GMT
- request:
    method: put
    uri: http://backend:5352/source/home:user_2/_meta?user=user_2
    body:
      encoding: UTF-8
      string: |
        <project name="home:user_2">
          <title/>
          <description/>
          <person userid="user_2" role="maintainer"/>
        </project>
    headers:
      Accept-Encoding:
      - gzip;q=1.0,deflate;q=0.6,identity;q=0.3
      Accept:
      - "*/*"
      User-Agent:
      - Ruby
  response:
    status:
      code: 200
      message: OK
    headers:
      Content-Type:
      - text/xml
      Cache-Control:
      - no-cache
      Connection:
      - close
      Content-Length:
      - '135'
    body:
      encoding: UTF-8
      string: |
        <project name="home:user_2">
          <title></title>
          <description></description>
          <person userid="user_2" role="maintainer" />
        </project>
    http_version: 
  recorded_at: Thu, 04 May 2017 14:16:03 GMT
- request:
    method: put
    uri: http://backend:5352/source/home:user_3/_meta?user=user_3
    body:
      encoding: UTF-8
      string: |
        <project name="home:user_3">
          <title/>
          <description/>
          <person userid="user_3" role="maintainer"/>
        </project>
    headers:
      Accept-Encoding:
      - gzip;q=1.0,deflate;q=0.6,identity;q=0.3
      Accept:
      - "*/*"
      User-Agent:
      - Ruby
  response:
    status:
      code: 200
      message: OK
    headers:
      Content-Type:
      - text/xml
      Cache-Control:
      - no-cache
      Connection:
      - close
      Content-Length:
      - '135'
    body:
      encoding: UTF-8
      string: |
        <project name="home:user_3">
          <title></title>
          <description></description>
          <person userid="user_3" role="maintainer" />
        </project>
    http_version: 
  recorded_at: Thu, 04 May 2017 14:16:03 GMT
- request:
    method: put
    uri: http://backend:5352/source/home:kugelblitz/_meta?user=kugelblitz
    body:
      encoding: UTF-8
      string: |
        <project name="home:kugelblitz">
          <title/>
          <description/>
          <person userid="kugelblitz" role="maintainer"/>
        </project>
    headers:
      Accept-Encoding:
      - gzip;q=1.0,deflate;q=0.6,identity;q=0.3
      Accept:
      - "*/*"
      User-Agent:
      - Ruby
  response:
    status:
      code: 200
      message: OK
    headers:
      Content-Type:
      - text/xml
      Cache-Control:
      - no-cache
      Connection:
      - close
      Content-Length:
      - '143'
    body:
      encoding: UTF-8
      string: |
        <project name="home:kugelblitz">
          <title></title>
          <description></description>
          <person userid="kugelblitz" role="maintainer" />
        </project>
    http_version: 
  recorded_at: Thu, 04 May 2017 14:16:04 GMT
- request:
    method: put
    uri: http://backend:5352/source/home:user_4/_meta?user=user_4
    body:
      encoding: UTF-8
      string: |
        <project name="home:user_4">
          <title/>
          <description/>
          <person userid="user_4" role="maintainer"/>
        </project>
    headers:
      Accept-Encoding:
      - gzip;q=1.0,deflate;q=0.6,identity;q=0.3
      Accept:
      - "*/*"
      User-Agent:
      - Ruby
  response:
    status:
      code: 200
      message: OK
    headers:
      Content-Type:
      - text/xml
      Cache-Control:
      - no-cache
      Connection:
      - close
      Content-Length:
      - '135'
    body:
      encoding: UTF-8
      string: |
        <project name="home:user_4">
          <title></title>
          <description></description>
          <person userid="user_4" role="maintainer" />
        </project>
    http_version: 
  recorded_at: Mon, 05 Feb 2018 12:07:19 GMT
recorded_with: VCR 4.0.0
