---
http_interactions:
- request:
    method: put
    uri: http://backend:5352/source/home:tom/_meta?user=tom
    body:
      encoding: UTF-8
      string: |
        <project name="home:tom">
          <title/>
          <description/>
          <person userid="tom" role="maintainer"/>
        </project>
    headers:
      Accept-Encoding:
      - gzip;q=1.0,deflate;q=0.6,identity;q=0.3
      Accept:
      - "*/*"
      User-Agent:
      - Ruby
  response:
    status:
      code: 200
      message: OK
    headers:
      Content-Type:
      - text/xml
      Cache-Control:
      - no-cache
      Connection:
      - close
      Content-Length:
      - '128'
    body:
      encoding: UTF-8
      string: |
        <project name="home:tom">
          <title></title>
          <description></description>
          <person userid="tom" role="maintainer"/>
        </project>
  recorded_at: Wed, 14 Oct 2020 14:37:31 GMT
- request:
    method: put
    uri: http://backend:5352/source/home:tom/test_package/_meta?user=tom
    body:
      encoding: UTF-8
      string: |
        <package name="test_package" project="home:tom">
          <title>What's Become of Waring</title>
          <description>Sed ullam necessitatibus dolorum.</description>
        </package>
    headers:
      Accept-Encoding:
      - gzip;q=1.0,deflate;q=0.6,identity;q=0.3
      Accept:
      - "*/*"
      User-Agent:
      - Ruby
  response:
    status:
      code: 200
      message: OK
    headers:
      Content-Type:
      - text/xml
      Cache-Control:
      - no-cache
      Connection:
      - close
      Content-Length:
      - '164'
    body:
      encoding: UTF-8
      string: |
        <package name="test_package" project="home:tom">
          <title>What's Become of Waring</title>
          <description>Sed ullam necessitatibus dolorum.</description>
        </package>
  recorded_at: Wed, 14 Oct 2020 14:37:31 GMT
- request:
    method: put
    uri: http://backend:5352/source/home:tom/test_package/foo.kiwi.txz?user=tom
    body:
      encoding: UTF-8
      string: ''
    headers:
      Accept-Encoding:
      - gzip;q=1.0,deflate;q=0.6,identity;q=0.3
      Accept:
      - "*/*"
      User-Agent:
      - Ruby
  response:
    status:
      code: 200
      message: OK
    headers:
      Content-Type:
      - text/xml
      Cache-Control:
      - no-cache
      Connection:
      - close
      Content-Length:
      - '203'
    body:
      encoding: UTF-8
      string: |
        <revision rev="9" vrev="9">
          <srcmd5>81575939cda8390add9a1c92f78eae75</srcmd5>
          <version>unknown</version>
          <time>1602686251</time>
          <user>tom</user>
          <comment></comment>
          <requestid/>
        </revision>
  recorded_at: Wed, 14 Oct 2020 14:37:31 GMT
- request:
    method: put
    uri: http://backend:5352/source/home:tom/test_package/_meta?user=tom
    body:
      encoding: UTF-8
      string: |
        <package name="test_package" project="home:tom">
          <title>What's Become of Waring</title>
          <description>Sed ullam necessitatibus dolorum.</description>
        </package>
    headers:
      Accept-Encoding:
      - gzip;q=1.0,deflate;q=0.6,identity;q=0.3
      Accept:
      - "*/*"
      User-Agent:
      - Ruby
  response:
    status:
      code: 200
      message: OK
    headers:
      Content-Type:
      - text/xml
      Cache-Control:
      - no-cache
      Connection:
      - close
      Content-Length:
      - '164'
    body:
      encoding: UTF-8
      string: |
        <package name="test_package" project="home:tom">
          <title>What's Become of Waring</title>
          <description>Sed ullam necessitatibus dolorum.</description>
        </package>
  recorded_at: Wed, 14 Oct 2020 14:37:31 GMT
- request:
    method: get
    uri: http://backend:5352/source/home:tom/test_package
    body:
      encoding: US-ASCII
      string: ''
    headers:
      Accept-Encoding:
      - gzip;q=1.0,deflate;q=0.6,identity;q=0.3
      Accept:
      - "*/*"
      User-Agent:
      - Ruby
  response:
    status:
      code: 200
      message: OK
    headers:
      Content-Type:
      - text/xml
      Cache-Control:
      - no-cache
      Connection:
      - close
      Content-Length:
      - '330'
    body:
      encoding: UTF-8
      string: |
        <directory name="test_package" rev="9" vrev="9" srcmd5="81575939cda8390add9a1c92f78eae75">
          <serviceinfo code="running"/>
          <entry name="_service" md5="603a221291ebe7f39ec8d928de707f5c" size="141" mtime="1602679081"/>
          <entry name="foo.kiwi.txz" md5="d41d8cd98f00b204e9800998ecf8427e" size="0" mtime="1602686251"/>
        </directory>
  recorded_at: Wed, 14 Oct 2020 14:37:31 GMT
- request:
    method: get
    uri: http://backend:5352/source/home:tom/test_package?view=info
    body:
      encoding: US-ASCII
      string: ''
    headers:
      Accept-Encoding:
      - gzip;q=1.0,deflate;q=0.6,identity;q=0.3
      Accept:
      - "*/*"
      User-Agent:
      - Ruby
  response:
    status:
      code: 200
      message: OK
    headers:
      Content-Type:
      - text/xml
      Cache-Control:
      - no-cache
      Connection:
      - close
      Content-Length:
      - '146'
    body:
      encoding: UTF-8
      string: |
        <sourceinfo package="test_package" rev="9" vrev="9" srcmd5="81575939cda8390add9a1c92f78eae75">
          <error>service in progress</error>
        </sourceinfo>
  recorded_at: Wed, 14 Oct 2020 14:37:31 GMT
- request:
    method: get
    uri: http://backend:5352/source/home:tom/test_package
    body:
      encoding: US-ASCII
      string: ''
    headers:
      Accept-Encoding:
      - gzip;q=1.0,deflate;q=0.6,identity;q=0.3
      Accept:
      - "*/*"
      User-Agent:
      - Ruby
  response:
    status:
      code: 200
      message: OK
    headers:
      Content-Type:
      - text/xml
      Cache-Control:
      - no-cache
      Connection:
      - close
      Content-Length:
      - '330'
    body:
      encoding: UTF-8
      string: |
        <directory name="test_package" rev="9" vrev="9" srcmd5="81575939cda8390add9a1c92f78eae75">
          <serviceinfo code="running"/>
          <entry name="_service" md5="603a221291ebe7f39ec8d928de707f5c" size="141" mtime="1602679081"/>
          <entry name="foo.kiwi.txz" md5="d41d8cd98f00b204e9800998ecf8427e" size="0" mtime="1602686251"/>
        </directory>
  recorded_at: Wed, 14 Oct 2020 14:37:31 GMT
- request:
    method: post
    uri: http://backend:5352/source/home:tom/test_package?cmd=diff&linkrev=base&onlyissues=1&orev=0&view=xml
    body:
      encoding: UTF-8
      string: ''
    headers:
      Content-Type:
      - application/octet-stream
      Accept-Encoding:
      - gzip;q=1.0,deflate;q=0.6,identity;q=0.3
      Accept:
      - "*/*"
      User-Agent:
      - Ruby
  response:
    status:
      code: 200
      message: OK
    headers:
      Content-Type:
      - text/xml
      Cache-Control:
      - no-cache
      Connection:
      - close
      Content-Length:
      - '302'
    body:
      encoding: UTF-8
      string: |
        <sourcediff key="4a9f1abb8e8b4484928779efc75bdaa1">
          <old project="home:tom" package="test_package" rev="0" srcmd5="d41d8cd98f00b204e9800998ecf8427e"/>
          <new project="home:tom" package="test_package" rev="9" srcmd5="81575939cda8390add9a1c92f78eae75"/>
          <files/>
          <issues>
          </issues>
        </sourcediff>
  recorded_at: Wed, 14 Oct 2020 14:37:31 GMT
recorded_with: VCR 6.0.0
