---
http_interactions:
- request:
    method: put
    uri: http://backend:5352/source/home:permitted_user/_meta?user=permitted_user
    body:
      encoding: UTF-8
      string: |
        <project name="home:permitted_user">
          <title/>
          <description/>
          <person userid="permitted_user" role="maintainer"/>
        </project>
    headers:
      Accept-Encoding:
      - gzip;q=1.0,deflate;q=0.6,identity;q=0.3
      Accept:
      - "*/*"
      User-Agent:
      - Ruby
  response:
    status:
      code: 200
      message: OK
    headers:
      Content-Type:
      - text/xml
      Cache-Control:
      - no-cache
      Connection:
      - close
      Content-Length:
      - '150'
    body:
      encoding: UTF-8
      string: |
        <project name="home:permitted_user">
          <title></title>
          <description></description>
          <person userid="permitted_user" role="maintainer"/>
        </project>
    http_version: 
  recorded_at: Wed, 20 Nov 2019 17:12:40 GMT
- request:
    method: put
    uri: http://backend:5352/source/home:permitted_user/target_package/_meta?user=user_101
    body:
      encoding: UTF-8
      string: |
        <package name="target_package" project="home:permitted_user">
          <title>A Glass of Blessings</title>
          <description>Ut eum aperiam voluptate.</description>
        </package>
    headers:
      Accept-Encoding:
      - gzip;q=1.0,deflate;q=0.6,identity;q=0.3
      Accept:
      - "*/*"
      User-Agent:
      - Ruby
  response:
    status:
      code: 200
      message: OK
    headers:
      Content-Type:
      - text/xml
      Cache-Control:
      - no-cache
      Connection:
      - close
      Content-Length:
      - '166'
    body:
      encoding: UTF-8
      string: |
        <package name="target_package" project="home:permitted_user">
          <title>A Glass of Blessings</title>
          <description>Ut eum aperiam voluptate.</description>
        </package>
    http_version: 
  recorded_at: Wed, 20 Nov 2019 17:12:40 GMT
- request:
    method: put
    uri: http://backend:5352/source/home:permitted_user/_project/_staging_workflow?user=user_102
    body:
      encoding: UTF-8
      string: |
        <workflow project="home:permitted_user" managers="staging-workflow-managers-50">
          <staging_project name="home:permitted_user:Staging:A"/>
        </workflow>
    headers:
      Accept-Encoding:
      - gzip;q=1.0,deflate;q=0.6,identity;q=0.3
      Accept:
      - "*/*"
      User-Agent:
      - Ruby
  response:
    status:
      code: 200
      message: OK
    headers:
      Content-Type:
      - text/xml
      Cache-Control:
      - no-cache
      Connection:
      - close
      Content-Length:
      - '171'
    body:
      encoding: UTF-8
      string: |
        <revision rev="99">
          <srcmd5>095fb0bb9df6c9764e670675f37e5a3c</srcmd5>
          <time>1574269960</time>
          <user>user_102</user>
          <comment></comment>
          <requestid/>
        </revision>
    http_version: 
  recorded_at: Wed, 20 Nov 2019 17:12:40 GMT
- request:
    method: put
    uri: http://backend:5352/source/home:permitted_user:Staging:A/_meta?user=user_102
    body:
      encoding: UTF-8
      string: |
        <project name="home:permitted_user:Staging:A">
          <title/>
          <description/>
          <group groupid="staging-workflow-managers-50" role="maintainer"/>
        </project>
    headers:
      Accept-Encoding:
      - gzip;q=1.0,deflate;q=0.6,identity;q=0.3
      Accept:
      - "*/*"
      User-Agent:
      - Ruby
  response:
    status:
      code: 200
      message: OK
    headers:
      Content-Type:
      - text/xml
      Cache-Control:
      - no-cache
      Connection:
      - close
      Content-Length:
      - '174'
    body:
      encoding: UTF-8
      string: |
        <project name="home:permitted_user:Staging:A">
          <title></title>
          <description></description>
          <group groupid="staging-workflow-managers-50" role="maintainer"/>
        </project>
    http_version: 
  recorded_at: Wed, 20 Nov 2019 17:12:40 GMT
- request:
    method: put
    uri: http://backend:5352/source/home:permitted_user/_project/_staging_workflow?user=user_102
    body:
      encoding: UTF-8
      string: |
        <workflow project="home:permitted_user" managers="staging-workflow-managers-50">
          <staging_project name="home:permitted_user:Staging:A"/>
          <staging_project name="home:permitted_user:Staging:B"/>
        </workflow>
    headers:
      Accept-Encoding:
      - gzip;q=1.0,deflate;q=0.6,identity;q=0.3
      Accept:
      - "*/*"
      User-Agent:
      - Ruby
  response:
    status:
      code: 200
      message: OK
    headers:
      Content-Type:
      - text/xml
      Cache-Control:
      - no-cache
      Connection:
      - close
      Content-Length:
      - '172'
    body:
      encoding: UTF-8
      string: |
        <revision rev="100">
          <srcmd5>c51fab95b8fe4151d8a5b52d44b76033</srcmd5>
          <time>1574269960</time>
          <user>user_102</user>
          <comment></comment>
          <requestid/>
        </revision>
    http_version: 
  recorded_at: Wed, 20 Nov 2019 17:12:40 GMT
- request:
    method: put
    uri: http://backend:5352/source/home:permitted_user:Staging:B/_meta?user=user_102
    body:
      encoding: UTF-8
      string: |
        <project name="home:permitted_user:Staging:B">
          <title/>
          <description/>
          <group groupid="staging-workflow-managers-50" role="maintainer"/>
        </project>
    headers:
      Accept-Encoding:
      - gzip;q=1.0,deflate;q=0.6,identity;q=0.3
      Accept:
      - "*/*"
      User-Agent:
      - Ruby
  response:
    status:
      code: 200
      message: OK
    headers:
      Content-Type:
      - text/xml
      Cache-Control:
      - no-cache
      Connection:
      - close
      Content-Length:
      - '174'
    body:
      encoding: UTF-8
      string: |
        <project name="home:permitted_user:Staging:B">
          <title></title>
          <description></description>
          <group groupid="staging-workflow-managers-50" role="maintainer"/>
        </project>
    http_version: 
  recorded_at: Wed, 20 Nov 2019 17:12:40 GMT
- request:
    method: put
    uri: http://backend:5352/source/home:permitted_user/_meta?user=user_102
    body:
      encoding: UTF-8
      string: |
        <project name="home:permitted_user">
          <title/>
          <description/>
          <person userid="permitted_user" role="maintainer"/>
          <group groupid="staging-workflow-managers-50" role="reviewer"/>
        </project>
    headers:
      Accept-Encoding:
      - gzip;q=1.0,deflate;q=0.6,identity;q=0.3
      Accept:
      - "*/*"
      User-Agent:
      - Ruby
  response:
    status:
      code: 200
      message: OK
    headers:
      Content-Type:
      - text/xml
      Cache-Control:
      - no-cache
      Connection:
      - close
      Content-Length:
      - '216'
    body:
      encoding: UTF-8
      string: |
        <project name="home:permitted_user">
          <title></title>
          <description></description>
          <person userid="permitted_user" role="maintainer"/>
          <group groupid="staging-workflow-managers-50" role="reviewer"/>
        </project>
    http_version: 
  recorded_at: Wed, 20 Nov 2019 17:12:40 GMT
- request:
    method: put
    uri: http://backend:5352/source/home:permitted_user:Staging:A/target_package/_meta?user=user_103
    body:
      encoding: UTF-8
      string: |
        <package name="target_package" project="home:permitted_user:Staging:A">
          <title>Fame Is the Spur</title>
          <description>Aut repudiandae quidem consequatur.</description>
        </package>
    headers:
      Accept-Encoding:
      - gzip;q=1.0,deflate;q=0.6,identity;q=0.3
      Accept:
      - "*/*"
      User-Agent:
      - Ruby
  response:
    status:
      code: 200
      message: OK
    headers:
      Content-Type:
      - text/xml
      Cache-Control:
      - no-cache
      Connection:
      - close
      Content-Length:
      - '182'
    body:
      encoding: UTF-8
      string: |
        <package name="target_package" project="home:permitted_user:Staging:A">
          <title>Fame Is the Spur</title>
          <description>Aut repudiandae quidem consequatur.</description>
        </package>
    http_version: 
  recorded_at: Wed, 20 Nov 2019 17:12:40 GMT
- request:
    method: put
    uri: http://backend:5352/source/source_project/_meta?user=user_104
    body:
      encoding: UTF-8
      string: |
        <project name="source_project">
          <title>Number the Stars</title>
          <description/>
        </project>
    headers:
      Accept-Encoding:
      - gzip;q=1.0,deflate;q=0.6,identity;q=0.3
      Accept:
      - "*/*"
      User-Agent:
      - Ruby
  response:
    status:
      code: 200
      message: OK
    headers:
      Content-Type:
      - text/xml
      Cache-Control:
      - no-cache
      Connection:
      - close
      Content-Length:
      - '107'
    body:
      encoding: UTF-8
      string: |
        <project name="source_project">
          <title>Number the Stars</title>
          <description></description>
        </project>
    http_version: 
  recorded_at: Wed, 20 Nov 2019 17:12:40 GMT
- request:
    method: put
    uri: http://backend:5352/source/source_project/source_package/_meta?user=user_105
    body:
      encoding: UTF-8
      string: |
        <package name="source_package" project="source_project">
          <title>The Needle's Eye</title>
          <description>Temporibus ut accusamus consequuntur.</description>
        </package>
    headers:
      Accept-Encoding:
      - gzip;q=1.0,deflate;q=0.6,identity;q=0.3
      Accept:
      - "*/*"
      User-Agent:
      - Ruby
  response:
    status:
      code: 200
      message: OK
    headers:
      Content-Type:
      - text/xml
      Cache-Control:
      - no-cache
      Connection:
      - close
      Content-Length:
      - '169'
    body:
      encoding: UTF-8
      string: |
        <package name="source_package" project="source_project">
          <title>The Needle's Eye</title>
          <description>Temporibus ut accusamus consequuntur.</description>
        </package>
    http_version: 
  recorded_at: Wed, 20 Nov 2019 17:12:40 GMT
- request:
    method: post
    uri: http://backend:5352/search/package/id?match=(linkinfo/@package=%22target_package%22%20and%20linkinfo/@project=%22home:permitted_user:Staging:A%22%20and%20@project=%22home:permitted_user:Staging:A%22)
    body:
      encoding: UTF-8
      string: ''
    headers:
      Content-Type:
      - application/octet-stream
      Accept-Encoding:
      - gzip;q=1.0,deflate;q=0.6,identity;q=0.3
      Accept:
      - "*/*"
      User-Agent:
      - Ruby
  response:
    status:
      code: 200
      message: OK
    headers:
      Content-Type:
      - text/xml
      Cache-Control:
      - no-cache
      Connection:
      - close
      Content-Length:
      - '27'
    body:
      encoding: UTF-8
      string: |
        <collection>
        </collection>
    http_version: 
  recorded_at: Wed, 20 Nov 2019 17:12:41 GMT
- request:
    method: delete
    uri: http://backend:5352/source/home:permitted_user:Staging:A/target_package?comment&user=permitted_user
    body:
      encoding: US-ASCII
      string: ''
    headers:
      Accept-Encoding:
      - gzip;q=1.0,deflate;q=0.6,identity;q=0.3
      Accept:
      - "*/*"
      User-Agent:
      - Ruby
  response:
    status:
      code: 200
      message: OK
    headers:
      Content-Type:
      - text/xml
      Cache-Control:
      - no-cache
      Connection:
      - close
      Content-Length:
      - '21'
    body:
      encoding: UTF-8
      string: '<status code="ok" />

'
    http_version: 
  recorded_at: Wed, 20 Nov 2019 17:12:41 GMT
recorded_with: VCR 5.0.0
